-11292
-100427
-99582
-82198
15380
-111402
-305026
-844003
-769988
-884486
-850326
-875098
-857809
-802397
-732694
-810395
-584178
-583404
-592281
-622943
-708217
-549971
-765012
-763710
-752691
-963355
-964829
-1027534
-1055179
-1333913
-1358568
-1317119
-1302276
-1245181
-1247168
-1125945
-1111263
-1113668
-1118490
-1143145
-1146584
-1179755
-1298292
-1194747
-1146816
-1520272
-1479666
-1664707
-1801662
-1841909
-1935495
-1992967
-2046646
-2086192
-2236427
-2199558
-2364387
-2445182
-2549713
-2497524
-2485212
-2545141
-2550934
-2549924
-2567394
-2617047
-2564892
-2418541
-2265088
-2274758
-2206662
-2249686
-2244707
-2195753
-2087036
-1891694
-1855454
-1758852
-2153746
-2125628
-2117522
-2120458
-2024783
-2019728
-1983606
-2304376
-2297188
-2318247
-2294169
-2327818
-2325099
-2271700
-2274874
-2290491
-2629391
-2785611
-2715164
-2732151
-2758395
-2717920
-2831718
-2836950
-3029019
-3059288
-3158376
-3127995
-3070093
-3289229
-3246378
-3397855
-3443041
-3389315
-3421665
-3396360
-3220476
-3254640
-3325102
-3309742
-3332523
-3340915
-3810461
-3809311
-3765327
-3757273
-3751038
-3715188
-3800609
-4131178
-4483233
-4530710
-4672913
-4521741
-4517212
-4485737
-4386907
-4430979
-4349154
-4560868
-4504358
-4518511
-4514303
-4513998
-4509454
-4505547
-4509537
-4583408
-4630733
-4695853
-4721143
-4646914
-4662391
-4691081
-4623957
-4720853
-4718345
-4800803
-4808037
-4807728
-4680742
-4714190
-4699620
-4693633
-4746881
-4754693
-5001213
-5055745
-5057860
-4955964
-4928378
-4968335
-4986392
-4941634
-5186350
-5198698
-5265780
-5598518
-5943559
-6189251
-6220300
-6223457
-6336951
-6561009
-6537196
-6894251
-6941746
-6969342
-6907030
-6923449
-7037396
-7195161
-7239059
-7243548
-7109117
-7130748
-7293914
-7380806
-7439980
-7463349
-7323581
-7322435
-7413370
-7435647
-7387649
-7336123
-7515093
-8092321
-8179394
-8567653
-8548959
-8471930
-8312475
-8474314
-8334457
-8334870
-8338978
-8390201
-8548781
-8502284
-8495203
-8519122
-8501124
-8348444
-8327339
-8351209
-8528423
-8587264
-8595176
-8666334
-8926123
-8948493
-9023605
-8936207
-9065471
-9060788
-8856464
-8942897
-8849345
-9087756
-9184921
-9179779
-9384663
-9415582
-9406389
-9415225
-9350645
-9389783
-9235967
-9268672
-9158081
-9314266
-9250127
-9226959
-9230152
-9275497
-9533741
-9532484
-9638403
-9605339
-9912252
-10019699
-9770311
-9699933
-10059850
-10052287
-10332425
-10488601
-10502867
-10609314
-10596947
-10583972
-10587055
-10593513
-10795011
-10657601
-10773462
-10773406
-10732613
-10739873
-10730793
-10725277
-10769182
-10738198
-10689663
-10702489
-10850125
-10931213
-10933685
-10928959
-10981319
-11136528
-10999344
-11068305
-11067323
-11042689
-11026276
-11220259
-11190813
-11050778
-11061332
-11029502
-11020599
-11014556
-11170647
-11159507
-11164967
-10882638
-10948051
-10930132
-10957230
-11120307
-11151252
-11357040
-11405579
-11344258
-11149176
-11147479
-11031590
-11282183
-11261201
-11293933
-11251193
-11308988
-11301187
-11450356
-11395928
-11437972
-11443987
-11474092
-11452241
-11382312
-11385903
-11354217
-11326042
-11412451
-11243122
-11448037
-11580720
-11800243
-11772785
-11807471
-11764239
-11676469
-11623867
-11596234
-11736389
-11761883
-11720999
-11711992
-11668106
-11703744
-11697791
-11718616
-11638250
-11408736
-11474744
-11461953
-11666815
-11702699
-11744358
-11970707
-11965373
-11818320
-11736010
-11918802
-11964239
-11970259
-12221398
-12153996
-12056579
-12048390
-12299280
-12277575
-12492494
-12385316
-12672434
-12808365
-12796040
-12737439
-12738070
-12806560
-12756463
-12715661
-12712004
-13247637
-13875547
-13893403
-13916284
-13970408
-13984498
-14106073
-13998969
-14034884
-14029320
-13965363
-13963490
-14032803
-14027710
-14038033
-14067914
-14012319
-13997023
-14039654
-14032183
-14138774
-14125028
-13924468
-13878033
-14178541
-14220710
-14247400
-14392454
-14489077
-14491158
-14638345
-14878449
-14858409
-14977955
-15012201
-15063637
-15084336
-15097545
-14931955
-14900829
-14917936
-14975531
-14941854
-15006468
-15008602
-15017428
-15013228
-15110117
-15081069
-15075164
-15076341
-15054762
-15177686
-15148306
-15134919
-15406120
-15816788
-15774060
-15677707
-15782778
-15789961
-15806589
-15597145
-15570565
-15630484
-15683572
-15579212
-15574875
-15576130
-15568817
-15680717
-15662999
-15299915
-15261964
-15207173
-15233895
-15354531
-15252379
-15311718
-15706816
-15673838
-15698632
-15938452
-15914996
-16236702
-16284094
-16291497
-16175835
-16234537
-16248935
-16290706
-16496663
-16465453
-16420240
-16414866
-16337140
-16264283
-16187567
-16601938
-16609011
-16600030
-16552683
-16538524
-16605554
-16519894
-16433134
-16424994
-16733498
-16794179
-16600306
-16771233
-16795940
-16744115
-16744252
-16730736
-16850435
-16762389
-16728184
-16735220
-16680226
-16789687
-16848978
-16815992
-16916290
-16918541
-16914449
-16829555
-17035466
-17057675
-17121092
-16925532
-16956889
-16956053
-17269870
-17374931
-17301037
-17280462
-17170316
-17349225
-17119252
-17208782
-17388314
-17401878
-17377045
-17446503
-17247230
-17636636
-17620927
-17615123
-17692190
-17690540
-17660692
-17687602
-17627521
-17632417
-17456141
-17459714
-17456820
-17408330
-17459270
-17434894
-17916039
-18025001
-17984069
-18043771
-18010630
-18038709
-18090994
-18126962
-18119853
-18082329
-18117154
-18366533
-18328670
-18209011
-18212153
-18214378
-18161207
-18071982
-18048259
-18135540
-18107390
-18145623
-18057598
-18119182
-18108637
-17998830
-17872463
-17941552
-17951850
-18042688
-17910986
-17937536
-17991448
-18026796
-18018662
-18006867
-18248304
-18394064
-18369233
-18448656
-18451633
-18410816
-18465209
-18480525
-18519572
-18585880
-18429626
-18394712
-18168674
-18169345
-18092603
-18248523
-18202974
-18188322
-18191007
-18116597
-18152996
-18256935
-18264424
-18425942
-18753189
-18654062
-18600101
-18629162
-18878340
-18845002
-19056743
-19284289
-19261068
-19214261
-19200350
-19451033
-19196548
-19406222
-19345002
-19335757
-19669698
-19787626
-19770900
-19845113
-19790993
-20013957
-20006939
-19934517
-19968445
-19940458
-19973660
-19940021
-19996914
-20035466
-20030458
-20039266
-20005355
-20043605
-20056115
-20282218
-20167534
-20265078
-20315068
-20039058
-20263616
-20298659
-20346341
-20388442
-20574402
-20571958
-20592167
-20566290
-20357005
-20401360
-20495785
-20670718
-20693848
-20696789
-20830132
-20753485
-20770392
-20754541
-20908506
-20553255
-20554356
-20611944
-20789715
-21023854
-21028763
-21031022
-20983844
-21036390
-21029657
-21025614
-21016664
-21055033
-20934966
-20957904
-21026950
-20933948
-20880924
-21118380
-21091913
-20976920
-20923978
-21214057
-21254866
-21164421
-21043953
-21047709
-21081937
-20989795
-20953127
-21079862
-21115696
-21091055
-21279998
-21335020
-21332743
-21289759
-21280802
-21300085
-21316827
-21320301
-21374591
-21458356
-21520234
-21591887
-21535941
-21561665
-21485315
-21485742
-21797194
-21835341
-21773260
-21724435
-21777677
-21982156
-22018187
-22133938
-22067051
-21996722
-22185555
-22152455
-22467982
-22491512
-22473763
-22512050
-22522725
-22466320
-22452850
-22505768
-22489370
-22505749
-22508891
-22629812
-22629866
-22660301
-22925134
-22912592
-22908489
-22967416
-22919947
-22898824
-22959085
-23192576
-23222481
-23193776
-23144582
-23152009
-23032564
-23072702
-23004178
-23006222
-23322792
-23369447
-23409140
-23446141
-23470776
-23511241
-23430656
-23488802
-23412455
-23381366
-23546423
-23580288
-23699458
-23498123
-23319926
-23133210
-23141668
-23137286
-23146528
-23206858
-23476674
-23503195
-23507366
-23543535
-23947492
-23848908
-23820354
-23956010
-23952427
-23943130
-23936974
-23963183
-23962169
-24027351
-23990981
-23973672
-23947149
-23959338
-23985222
-23977514
-24132835
-24279829
-24281482
-24338355
-24351862
-24303365
-24288453
-24221426
-24066768
-24159163
-24144072
-24295499
-24370291
-24384641
-24393604
-24290053
-24274360
-24554991
-24576055
-24638742
-24549722
-24387853
-24361152
-24328538
-24463887
-24352410
-24224424
-24164057
-24214131
-24151618
-24168128
-24182366
-24140967
-23973468
-24004753
-24024203
-24368580
-24331641
-24623816
-24548553
-24525475
-24525069
-24570135
-24493023
-24503344
-24795525
-24930242
-25064524
-25096929
-25134962
-25112410
-25123659
-24899303
-24883192
-25048383
-25011722
-25034682
-24936864
-24954031
-25012167
-25023710
-25015577
-25074350
-25155924
-25071668
-25090969
-25097960
-25126667
-25366710
-25394706
-25325390
-25303261
-25309909
-25303713
-25294835
-25286110
-25480278
-25539357
-25625092
-25661397
-25687417
-25719708
-25619648
-25678232
-26032046
-25995857
-26027403
-26046128
-26045726
-26017549
-25999353
-25961239
-26312738
-26319802
-26338401
-26469829
-26515810
-26381974
-26391898
-26492425
-26573597
-26614140
-26612572
-26668397
-26665519
-26676484
-26529055
-26381631
-26388701
-26245883
-26236838
-26332604
-26347889
-26239550
-26216764
-26225904
-26316777
-26143284
-26224446
-26250261
-26235983
-26586160
-26656944
-26757041
-26760609
-26727282
-26740551
-26728121
-26905370
-26897807
-26859896
-26846224
-26854488
-26878463
-26899771
-27491225
-27555933
-27623860
-27995738
-27993656
-27966273
-27927122
-27941801
-28076493
-28124998
-28115358
-28104275
-28100106
-28447628
-28446232
-28443023
-28470547
-28604131
-28684885
-28690222
-28691890
-28532352
-28810757
-28770425
-28753764
-28867143
-28841013
-28766051
-28810444
-28755720
-28748493
-28803712
-28815245
-28838778
-29088963
-29058401
-29071770
-29055208
-29091384
-29192811
-29166292
-29263963
-29572542
-29570416
-29668699
-29696241
-29680086
-29788900
-29872532
-29900550
-29654905
-29698829
-29702740
-29712660
-29660223
-29656138
-29663664
-29655185
-29682390
-29592992
-29645838
-29868126
-29843599
-29846449
-29863021
-30014832
-30207614
-30294177
-30295355
-30314557
-30317628
-30367233
-30391652
-30410221
-30414343
-30425505
-30368355
-30363060
-30337661
-30302485
-30355139
-30261477
-30208884
-30246606
-30247425
-30442020
-30547060
-30533715
-30559765
-30563200
-30615583
-30657489
-30663954
-30671073
-30595500
-30630072
-30675356
-30742667
-30785070
-30795726
-31167152
-31193861
-31169193
-31224277
-31226755
-31220389
-31329581
-31135814
-31172517
-31329817
-31430035
-31564387
-31502997
-31572535
-31555120
-31546695
-31865166
-31852225
-31895060
-32040240
-32345404
-32429948
-32406037
-32271926
-32181525
-32451724
-32432616
-32255232
-32065060
-32327049
-32315305
-32327314
-32323031
-32367204
-32327428
-32331043
-32355907
-32677488
-32727264
-32519502
-32551055
-32566935
-32672524
-32664024
-32604709
-32558425
-32531980
-32516106
-32575471
-32582739
-32590231
-32838004
-32840387
-32834872
-32798520
-32828127
-32911538
-32988841
-33079462
-32908377
-32901051
-33035980
-33087587
-33263095
-33261012
-33303047
-33298942
-33512347
-33497217
-33563240
-33526049
-33490822
-33779387
-33770058
-33755016
-34099117
-33928878
-33875278
-33938883
-34339984
-34394036
-34393154
-34451714
-34452840
-34531172
-34404123
-34435329
-34600912
-34889801
-34722910
-34612701
-34604646
-34603297
-34459978
-34319883
-34696935
-34517245
-34602387
-34589425
-34520019
-34524833
-34416591
-34507021
-34516448
-34602445
-34810567
-34977624
-35008813
-35042755
-35429846
-35381416
-35443209
-35342550
-35606491
-35631420
-35591357
-35617791
-35615193
-35657449
-35876403
-35860756
-35819409
-35827927
-35880802
-35884959
-35810886
-35968482
-35985216
-35964590
-35887746
-36177813
-36331028
-36314618
-36104052
-36123422
-36109376
-36235237
-36476132
-36643979
-36634017
-36643554
-36653974
-36674796
-36679690
-36472399
-36543904
-36733867
-36714568
-36751863
-36667653
-36467425
-36683118
-36724038
-36738085
-36784129
-36851784
-37227059
-37235032
-37235535
-37340534
-37335049
-37299515
-37311498
-37294040
-37251069
-37375074
-37385823
-37403195
-37422399
-37501381
-37469858
-37801040
-37786690
-37747489
-37756076
-37754450
-38018596
-38383927
-38453098
-38440469
-38772971
-38807569
-38866180
-38827414
-38833730
-38632369
-38637014
-38609471
-38627801
-38908034
-38894121
-39106308
-39092817
-39191990
-39343777
-39293925
-39296388
-39377834
-39219553
-39211617
-39388637
-39356097
-39576381
-39690835
-39697993
-39888585
-39838378
-39853503
-40319017
-40280558
-40280132
-40415354
-40299664
-40564593
-40391398
-40332003
-40374328
-40393569
-40415072
-40358600
-40360985
-40760600
-40845361
-40954297
-41011367
-40908410
-40905219
-40908431
-41171190
-40980792
-40800434
-40840557
-40804208
-40714581
-40695814
-40711604
-40727771
-40882290
-40871471
-40922952
-40969630
-40979832
-41067208
-41032949
-41077994
-41065584
-41028796
-41273724
-41361687
-41306130
-41311510
-41308628
-41306402
-41261388
-41210657
-41192692
-41204043
-41181737
-41200865
-41572692
-41610932
-41616279
-41666051
-41697075
-41693642
-41658530
-41750623
-41760197
-41725884
-41724387
-41768806
-41747959
-42044858
-41969958
-41970993
-41951049
-41880495
-41983810
-42001446
-42287492
-42362341
-42341664
-42424649
-42657047
-42684492
-42963298
-42777098
-42912670
-43452364
-43464386
-43506564
-43483121
-43408781
-43476963
-43469642
-43635332
-43647718
-43636815
-43714607
-43577219
-43629800
-43778672
-43596471
-43462695
-43635475
-43571609
-43551704
-43542635
-43506551
-43507352
-43545748
-43554431
-43592466
-43734042
-43741897
-43704057
-43712315
-43633093
-43607960
-43684406
-43527835
-43535302
-43525250
-43532336
-43616307
-43853531
-43983024
-43956620
-44145093
-44150077
-44301600
-44274001
-44304417
-44260882
-44162206
-44231090
-44238012
-44258580
-44184472
-44358436
-44152359
-44166585
-44178755
-44228303
-44500820
-44697061
-44759624
-44838730
-44858755
-44850011
-44817151
-45146720
-45225868
-45240189
-45273228
-45295429
-45451881
-45475471
-45471136
-45481862
-45448011
-45446550
-45438232
-45520116
-45529339
-45461218
-45444861
-45569690
-45580237
-45759630
-45824629
-46076669
-45988144
-46006244
-46026259
-46029831
-46064709
-46033402
-46008073
-45997022
-45978123
-45975759
-46068066
-45981392
-46016977
-45978443
-45978350
-45957405
-46066024
-46051230
-46002907
-46054972
-46080838
-46123335
-46113620
-46092237
-46080553
-46087202
-46008921
-45748730
-46162988
-46068171
-46227718
-46273422
-46533471
-46506593
-46422611
-46458451
-46466428
-46471727
-46576379
-46505425
-46521356
-46417578
-46421969
-46587028
-46700916
-46644368
-46871861
-46882478
-46942483
-47092783
-47032420
-47069411
-47053316
-47049416
-47097629
-47136858
-47232351
-47116024
-46923420
-46989915
-46958535
-46956413
-47118477
-47135356
-47092611
-47066198
-46864000
-46832854
-46755443
-46669633
-46700509
-46697601
-46714786
-46731106
-46926442
-47118092
-47071334
-47082966
-47224717
-47235441
-47221336
-47220687
-47100125
-47083416
-47034224
-46889989
-46896663
-46909020
-46931050
-46908445
-46831677
-46754689
-46678553
-46680467
-46840893
-46659198
-46685746
-46677148
-46694213
-46718371
-46755775
-46997763
-46949056
-46939691
-46949768
-47009625
-47014026
-47051051
-47034873
-47052764
-47055937
-47089052
-47067178
-46982124
-46969673
-47061913
-47046035
-46944714
-46943567
-46981677
-47078487
-47180146
-47231281
-47227733
-47400670
-47332799
-47442810
-47448828
-47552044
-47483252
-47487977
-47501559
-47764883
-47812423
-47965247
-47901062
-47961830
-48102473
-48267759
-48336215
-48333496
-48320150
-48386716
-48366996
-48524667
-48576830
-48685148
-48710699
-48677063
-48677970
-48662577
-48684999
-48788697
-48846168
-48802163
-49107719
-49188617
-49148016
-49165107
-49252414
-49247716
-49222379
-49285768
-49267336
-49443311
-49336985
-49357286
-49318263
-49315909
-49521609
-49577946
-49585875
-49842409
-49791541
-49708211
-49902099
-49852792
-49946706
-49709828
-49722818
-49703174
-49720639
-49705661
-49677828
-49868354
-49852155
-49955804
-50131384
-50159772
-50173382
-50167965
-50175800
-50179965
-50172405
-50143334
-50143915
-50199856
-50321992
-50324367
-50382905
-50381600
-50680798
-50727977
-50745738
-50976262
-50979701
-51035203
-51111901
-51085396
-51045249
-51353724
-51220732
-51130218
-50951425
-50967309
-50941557
-50992633
-51316022
-51234705
-51033912
-51045407
-51069307
-51038597
-51021362
-50905135
-51140595
-51122146
-51405552
-51403815
-51483503
-51491051
-51575800
-51589595
-51591274
-51590574
-51492067
-51485813
-51380580
-51441451
-51304125
-51308683
-51309422
-51369778
-51277281
-51356542
-51345448
-51449196
-51723965
-51600244
-51657531
-51668882
-51719884
-51551591
-51575341
-51477610
-51543480
-51635761
-51897402
-51907475
-52052197
-52164443
-52166636
-52194763
-52223814
-52425794
-52390996
-52315228
-52338111
-52321862
-52355854
-52515685
-52847967
-52851867
-52815610
-53325737
-53579848
-53537524
-53568202
-53723339
-53911738
-53968507
-54030567
-53937654
-53914595
-53913197
-53972950
-53899724
-53935025
-53903167
-54006281
-54004559
-53783296
-54021401
-54022262
-53980799
-53963275
-53959799
-54046774
-53967395
-54163045
-54137655
-54189934
-54192395
-54197715
-54463442
-54391559
-54363555
-54356172
-54413669
-54395325
-54473896
-54547250
-54548578
-54544605
-54580591
-54566393
-54501636
-54552400
-54631764
-54649199
-54692946
-54466147
-54444809
-54583917
-54530872
-54581300
-54643296
-54572589
-54790061
-54742584
-54792445
-54794597
-54789663
-55007871
-54990589
-54994441
-55017603
-55419323
-55374893
-55289860
-55279629
-55532865
-55541946
-55542754
-55830410
-56001059
-55967204
-55967499
-56373879
-56370818
-56210073
-56146276
-56099925
-56230306
-56194843
-56222662
-56107792
-56031709
-55912968
-56031378
-56267452
-56111838
-56073136
-56071343
-55896978
-55820599
-55913994
-56172723
-56321097
-56336291
-56333147
-56357196
-56468143
-56366577
-56802025
-56747598
-56689221
-57014301
-57024153
-57024929
-56894249
-56944942
-56887813
-56850169
-56850914
-56842327
-56862265
-56850479
-56899619
-56860727
-56885927
-56812554
-56792686
-56724122
-56700956
-56716157
-56800925
-56749525
-56633692
-56639860
-56702666
-56683369
-56697723
-56743834
-56825462
-56841069
-56809115
-56822709
-56818184
-56858692
-56833376
-56860907
-56894871
-57022406
-56779833
-56762308
-56821718
-56907738
-56895706
-56922596
-56900755
-56925824
-57041668
-57069847
-57102647
-57021412
-57023499
-56959225
-56963867
-57074374
-57073228
-57070992
-57136651
-57129325
-57025054
-57082551
-57086071
-57082479
-57118307
-57123534
-57052306
-57041407
-56993138
-57016285
-56901979
-56753987
-56776883
-56791082
-56897220
-56894712
-56919991
-56915351
-56933780
-56936201
-57051257
-57167831
-57173815
-57296374
-57604539
-57622477
-57800244
-57716023
-57693072
-57683916
-57780819
-58109709
-58104037
-58090128
-58004442
-57931427
-57772171
-57783491
-57947645
-58021787
-58103414
-58076955
-58288665
-58269602
-58350723
-58351287
-58363078
-58577618
-58543917
-58488965
-58452000
-58457016
-58524583
-58632695
-58623425
-58654684
-58634695
-58626201
-58593133
-58559580
-58528227
-58578481
-58705928
-58718533
-58615622
-58594025
-58592245
-58779502
-58765855
-58737581
-58684863
-58728629
-58742938
-58857639
-58611050
-58581372
-58493959
-58508799
-58525723
-58557465
-58481246
-58507738
-58467803
-58586560
-58743102
-58732101
-58739218
-58844943
-58822068
-58657337
-58659490
-58669682
-58649782
-58630884
-58777924
-58939183
-58905618
-58931898
-59050518
-59084130
-59089933
-58998252
-59057433
-59040905
-59342474
-59295757
-59165044
-59202965
-59207038
-59292618
-59335968
-59538087
-59724592
-59774723
-59766375
-59731223
-59740263
-60000198
-60034672
-60054217
-60215609
-60141566
-60190693
-60161277
-60196913
-60126053
-60405402
-60404171
-60418939
-60599328
-60647401
-60697111
-60655351
-60777987
-60692167
-60691739
-60687801
-60725452
-60772991
-60738198
-60715993
-60697942
-60582812
-60596039
-60605564
-60532153
-60535281
-60502962
-60413599
-60365357
-60527180
-60503241
-60630411
-60630699
-60560589
-60495041
-60594752
-60659544
-60541825
-60543760
-60620790
-60739012
-60911426
-60826944
-60853705
-60952196
-60957503
-60989435
-61006916
-61003012
-60980229
-60793501
-60697156
-60736055
-60914859
-60961448
-61173271
-61134202
-61379806
-61405688
-61391366
-61472953
-61473238
-61660116
-61458638
-61495221
-61509804
-61799123
-61954554
-62124887
-62102303
-62368223
-62385037
-62461985
-62468046
-62474804
-62336121
-62559031
-62520614
-62636729
-62569706
-62572341
-62599644
-62585307
-62601615
-62633399
-62617582
-62618715
-62653381
-62667454
-62598087
-62604199
-62492489
-62479733
-62656383
-62460799
-62750060
-62896338
-62842465
-62786592
-62791937
-62933911
-62965254
-62841436
-62824814
-62903259
-63059914
-63028484
-63222761
-63238359
-63164357
-63241706
-63219554
-63135885
-63252039
-63337465
-63356295
-63327768
-63356601
-63420401
-63444048
-63454589
-63725545
-63806215
-63785810
-63765005
-63653439
-63688625
-63750219
-64147903
-64177800
-64082252
-63877812
-63884696
-63897323
-63989642
-63987800
-63965602
-63923492
-63886116
-64028634
-64025690
-64029471
-63761267
-63861053
-63909852
-63930302
-63910845
-64015651
-64104770
-64100310
-64186610
-64191183
-64274066
-64230347
-64397983
-64314599
-64242061
-64060792
-64079005
-64252258
-64290370
-64348932
-64356087
-64400348
-64422384
-64264963
-64247644
-64176173
-64344961
-64343086
-64270668
-64240573
-64637564
-64672257
-64609171
-64868362
-64883047
-64903711
-64831536
-64993267
-65110615
-65111451
-64991655
-65020615
-64999105
-64969165
-65373511
-65377406
-65372460
-65531532
-65553034
-65519539
-65725823
-65788141
-65868468
-65881266
-65912250
-65876065
-65772927
-65745671
-65706573
-65885126
-65874264
-65920136
-65865534
-66025357
-65973901
-65949725
-65969908
-65949378
-66034986
-66045903
-66013568
-65944742
-65946947
-66209116
-66198538
-66391575
-66421006
-66514629
-66489455
-66597637
-66626505
-66899116
-66827067
-66762390
-66760544
-66751266
-66811269
-66804748
-67403569
-67435484
-67364761
-67371638
-67388540
-67278120
-67219516
-67237355
-67427441
-67561664
-67663260
-67746728
-67871278
-67824360
-67713281
-67705450
-67889273
-68055279
-68148063
-68222611
-68330435
-68344256
-68393994
-68448773
-68715198
-68711873
-68707039
-68649762
-68659189
-68650921
-68778888
-68810720
-68948612
-68892327
-68845886
-68779164
-68762067
-68786549
-68816774
-68897278
-68871996
-69050980
-68946224
-69000782
-68986571
-69150016
-69407245
-69353601
-69337339
-69228788
-69081207
-69069463
-69030144
-69002773
-69025571
-69079914
-69124111
-69164688
-68870978
-68869267
-68737881
-68749264
-68973170
-69036188
-69092256
-69105864
-69100361
-69189860
-69208732
-69342820
-69344914
-69399170
-69375457
-69304611
-69296608
-69486527
-69465290
-69518227
-69552053
-69479519
-69492668
-69480823
-69658054
-69607254
-69746030
-69929165
-69882021
-69930377
-69937184
-69925009
-69895615
-69894507
-69886409
-70141593
-70174488
-70070128
-69982490
-69949345
-69903900
-69901504
-69963171
-69879698
-69885393
-69880780
-70016097
-70033058
-69919515
-69913368
-69918447
-70017815
-70058754
-70245510
-70242019
-70284004
-70272790
-70217294
-70109565
-69785499
-69760327
-69764604
-69725591
-69928238
-70369023
-70323080
-70576823
-70733022
-70864518
-70848909
-70920971
-70984591
-71027560
-71069369
-71044390
-71202196
-71230929
-71266784
-71242191
-71244130
-71426085
-71377512
-71340300
-71317266
-71335952
-71360326
-71138532
-71078177
-70996913
-71076792
-70999530
-71120092
-71279783
-71303172
-71300530
-71464707
-71497461
-71686300
-71604731
-71324436
-71361211
-71318730
-71281709
-71412634
-71564562
-71374038
-71408657
-71671745
-71609784
-71802561
-71957476
-71883437
-71891492
-71790087
-71730667
-71745861
-71702202
-71728498
-71689465
-71693962
-71701566
-72114163
-72090990
-72031414
-72221516
-72293088
-72285113
-72247056
-72265192
-72289885
-72277264
-72300808
-72327969
-72221467
-72241078
-72265327
-72274168
-72420081
-72452449
-72489939
-72591464
-72607047
-72614268
-72477944
-72381393
-72375916
-72362580
-72535381
-72535805
-72446869
-72709010
-72692799
-72639232
-72701057
-72706744
-72719448
-72658262
-72614770
-72666768
-72542693
-72598079
-72606505
-72596498
-72506666
-72614539
-73006174
-72993054
-73040909
-73003244
-73209111
-72969410
-72832351
-72898731
-72873539
-72861915
-72856490
-72859027
-72924908
-72897455
-73271134
-73655746
-73661457
-73959141
-73966850
-74160672
-74161160
-74198287
-74090023
-74125475
-73968865
-73993445
-74024054
-74131872
-74048395
-73921600
-73962188
-73940192
-73961525
-73937131
-73988802
-74003015
-73974654
-74142390
-74134438
-74139284
-74177457
-74384284
-74729851
-74574086
-74994998
-74803677
-74832690
-75021056
-75053445
-75058676
-75036177
-75371985
-75538285
-75582726
-75618771
-75691712
-75884831
-75836314
-75897212
-75869570
-75736989
-75775284
-75789359
-75798024
-75797806
-75923866
-76111764
-76161785
-76212918
-76133101
-76092934
-76104419
-76290875
-76171271
-76114150
-76256082
-76384267
-76411405
-76706784
-76710710
-76952221
-76926700
-76889852
-77110546
-76960938
-76854992
-76880607
-76914421
-76993241
-76954620
-76912828
-76900856
-76879417
-76998819
-76972905
-77138605
-77173319
-77276148
-77310479
-77284354
-77292322
-77176815
-77034929
-77068673
-77130385
-77128612
-77043808
-77101192
-77144391
-77534864
-77602797
-77618644
-77932230
-77944218
-78096419
-77906279
-77943335
-78007367
-77993639
-78204290
-78215343
-78232290
-78747162
-78753279
-78724919
-78735540
-78705366
-78705770
-78942936
-78975006
-79003519
-79090598
-79125076
-79406071
-79366738
-79302142
-79315923
-79450524
-79582689
-79597058
-79807108
-80083105
-80094602
-79950338
-79874064
-79809820
-79779004
-79701560
-79687669
-79792418
-79762784
-79824665
-79828174
-80019892
-80132546
-80105999
-80145289
-80066747
-80079148
-80076651
-80102054
-80213156
-80226290
-80238315
-79947250
-79984495
-80166420
-80232121
-80638567
-80566231
-80556718
-80932345
-81259027
-81251621
-81235146
-81356848
-81364707
-81245043
-81156581
-81077753
-81096950
-81180945
-81292379
-81293961
-81286552
-81325474
-81267996
-81292822
-81198899
-81201579
-81252706
-81379885
-81504001
-81502833
-81585022
-81614064
-81688270
-81646452
-81640757
-81607070
-81592199
-81683183
-81613835
-81534809
-81941591
-81930112
-82081151
-81976693
-82211683
-82214275
-82366171
-82614986
-82578625
-82306948
-82308234
-82508949
-82558368
-82870357
-82894797
-82871284
-82832521
-82839521
-82812449
-82990192
-82986394
-83053676
-83051996
-83110482
-83197594
-83534630
-83600894
-83849155
-83781859
-83969890
-83863678
-83898650
-83972099
-84015872
-84019546
-84006659
-84515945
-84419308
-84373999
-84401949
-84398359
-84435138
-84436792
-84467233
-84433395
-84398789
-84301360
-84302483
-84403638
-84418492
-84400809
-84410865
-84341574
-84325220
-84421651
-84460985
-84545606
-84617304
-84711428
-84680797
-84731431
-84762229
-84780588
-84683100
-84621551
-84546984
-84512874
-84823632
-84713269
-84673453
-84665346
-84594045
-84580241
-84598839
-84668823
-85153334
-85129786
-85107362
-85138090
-85125618
-85113357
-85307576
-85243938
-85228571
-85229878
-85204425
-85220368
-85247087
-85393270
-85386429
-85609612
-85607352
-85677360
-86281954
-86305959
-86076204
-86047514
-86050102
-86148745
-86148219
-86178665
-86298924
-86264046
-86259114
-86419189
-86417059
-86532572
-86815962
-86801611
-86647044
-86713221
-86781451
-86768713
-86804626
-86840798
-86850193
-86769062
-86802914
-86797421
-86900314
-86925730
-86913285
-86672653
-86705351
-86604535
-86701427
-86695481
-86712408
-86566869
-86836125
-86807042
-86794180
-86801837
-86856542
-86830411
-86803977
-86817629
-87019286
-87127637
-87122128
-87103014
-87262439
-87387468
-87574576
-87567322
-87502335
-87939969
-87957884
-88018466
-88006354
-88086198
-88042671
-88125453
-88117994
-88166407
-88300897
-88331854
-88351346
-88367055
-88377338
-88389265
-88366811
-88338299
-88274476
-88180157
-88228208
-88532276
-88505823
-88515531
-88476993
-88471095
-88765580
-88974010
-88904170
-88903780
-89211574
-89176710
-89055383
-89119859
-89061935
-89023856
-89092346
-89198840
-89140972
-89241613
-89273213
-89354051
-89330745
-89288265
-89748036
-89827958
-89922166
-90015850
-90059661
-90102403
-90127945
-90086846
-90044882
-90063666
-90039342
-90075328
-90104284
-90429237
-90410729
-90402549
-90500674
-90490221
-90931505
-90951821
-90970082
-91107078
-91164450
-91139975
-91134121
-91214408
-91459344
-91458007
-91635252
-91655257
-91654442
-92011002
-91903364
-92127695
-92037296
-91739211
-91768201
-91797612
-91786804
-91704403
-91832802
-91772972
-91822838
-91877011
-91888465
-92004951
-92033937
-92043557
-92052183
-91846094
-91731152
-91773779
-92000644
-92014103
-92248002
-92249129
-92278018
-92303726
-92235379
-92099336
-92067028
-91945232
-91941558
-91912592
-91954181
-91956585
-91952652
-91950767
-92024265
-92088577
-91798649
-91716191
-91758906
-91684159
-91717606
-91933437
-91912431
-92044389
-92159297
-92269646
-92349222
-92308614
-92276085
-92296617
-92233424
-92296483
-92417581
-92444791
-92543259
-92562157
-92565421
-92561824
-92522897
-92588311
-92524646
-92561353
-92550980
-92880914
-93010246
-93028660
-93046511
-93043734
-93223038
-93297259
-93360962
-93325446
-93305846
-93323781
-93725049
-93803395
-93891373
-93863145
-93799222
-94008951
-94078939
-94224451
-94299198
-94317066
-94318202
-94401473
-94536736
-94397964
-94498753
-94355147
-94439723
-94688112
-94686748
-94735910
-94815389
-94843988
-94835324
-94817263
-94820148
-94551208
-94577638
-94812117
-94768977
-94909813
-94903638
-95066095
-95029178
-94742132
-94601965
-94585770
-94521437
-94672269
-94822012
-94918554
-94830745
-94864115
-94883321
-94981109
-95076083
-95084463
-95024322
-95263890
-95246914
-95260402
-95193074
-95049182
-94981321
-94909796
-94799570
-94883630
-94909294
-94869947
-94783044
-94808777
-94814016
-94844786
-94957665
-94893382
-94876872
-95061809
-94911970
-94973505
-95184332
-95191989
-95293128
-95249590
-95250765
-95372035
-95340394
-95467247
-95432267
-95453980
-95789552
-95790491
-95806205
-95758855
-95999690
-95996455
-96001225
-96031913
-96043075
-96016649
-96217593
-96389932
-96436320
-96630787
-96500236
-96616404
-96540560
-96537898
-96575367
-96587955
-96732071
-96809747
-96944240
-96931772
-96995470
-97111561
-97162301
-97276973
-97193828
-97264691
-97283127
-97305294
-97327442
-97351821
-97491548
-97481867
-97481807
-97809939
-98257316
-98244538
-98183741
-98242021
-98267816
-98291339
-98363088
-98250015
-98313939
-98317686
-98347467
-98378502
-98309720
-98295293
-98196192
-98175729
-98117163
-98098413
-98046466
-97979185
-98071340
-98286816
-98299434
-98367915
-98448886
-98680623
-98520314
-98523734
-98583541
-98817712
-98755632
-98734431
-98772852
-98890482
-98945713
-98941430
-98806229
-98808316
-98805212
-98819359
-98864394
-98853642
-99162161
-99399180
-99684804
-99843585
-99845944
-99776596
-99754649
-99834984
-99691399
-99704001
-99668313
-99634984
-99618006
-99632387
-99686674
-99745464
-99713765
-99532517
-99546699
-99627417
-99552325
-99685519
-99598061
-99588857
-99625684
-99811806
-99838251
-100157108
-100075150
-100085775
-100134969
-100146645
-100208080
-100080948
-100290929
-100331855
-100439155
-100449903
-100366237
-100331328
-100251071
-100396993
-100404231
-100393109
-100308948
-100317979
-100280581
-100295546
-100271964
-100260247
-100208027
-100437416
-100450428
-100450626
-100447697
-100449688
-100395598
-100398164
-100407680
-100414860
-100415783
-100639826
-100604258
-100561912
-100555363
-100502599
-100511433
-100439442
-100313732
-100247964
-100197832
-100014880
-99992213
-99993946
-100155313
-100043567
-99909983
-99855260
-99837892
-99931206
-99919000
-99838027
-99857918
-99861917
-99993879
-100055469
-100343949
-100343655
-100406901
-100351844
-100337956
-100331349
-100304991
-100258686
-100345038
-100418189
-100412957
-100427306
-100621925
-100642395
-100514859
-100492016
-100503855
-100662534
-100674921
-100821355
-100818314
-100809756
-100846117
-100745596
-100625776
-100644439
-100732304
-101145192
-101067670
-101042808
-101051030
-101151154
-101298631
-101629672
-101821922
-102242989
-102481755
-102722671
-102669063
-102769135
-102805951
-102833499
-102898128
-103069416
-103075499
-103229050
-103274053
-103488884
-103437532
-103368968
-103417873
-103493784
-103416149
-103345123
-103547400
-103480710
-103460107
-103476729
-103399760
-103435675
-103434459
-103475179
-103494717
-103502167
-103414144
-103369262
-103518988
-103536863
-103604008
-103820125
-103822774
-103827313
-104043498
-104135200
-104114739
-104148775
-104173020
-104517121
-104648901
-104722351
-104731617
-104731575
-104697171
-104892333
-104924827
-104927520
-104916971
-105116526
-105607949
-105629425
-105747924
-105730551
-105761401
-105755333
-105768933
-105832565
-106031054
-105998046
-105823724
-105884719
-106043208
-106038014
-106096938
-106077823
-106114288
-106233017
-106223915
-106228534
-106413857
-106426011
-106431053
-106436714
-106534722
-106596381
-106811998
-106813761
-106866694
-106879447
-107051909
-106827337
-106819157
-106965086
-107573601
-107502947
-107532826
-107509929
-107481837
-107410959
-107413929
-107419979
-107431959
-107403078
-107500988
-107552326
-107580364
-107686479
-107619677
-107714433
-107659553
-107674567
-107645990
-107651662
-107568334
-107568449
-107631650
-107570841
-107473645
-107410026
-107545257
-107636857
-107583407
-107656565
-107639818
-107631369
-107622748
-107554929
-107572428
-107652144
-107613511
-107634497
-107757703
-107865950
-107910559
-107937905
-108022395
-108029778
-108016955
-108023059
-108136448
-108167383
-108194551
-108044040
-107997753
-107993371
-107735082
-107701613
-107695473
-107687514
-107711070
-108162515
-108364575
-108423889
-108822006
-109130619
-109119436
-109213595
-109225721
-109311648
-109374932
-109324672
-109304657
-109270264
-109180564
-108861270
-108897827
-108847028
-108843813
-108802616
-108811033
-109012103
-109120307
-109211603
-109238027
-109209986
-109165265
-109130681
-109068277
-108979177
-108781812
-108802622
-108688807
-108719664
-108843342
-108860575
-108884873
-108843526
-108898966
-108687034
-108917545
-108714268
-108677751
-108684937
-108669714
-108635548
-108652335
-108865011
-109255064
-109179522
-109300262
-109363189
-109361995
-109359112
-109230184
-109317871
-109377288
-109555599
-109474657
-109620433
-109628339
-109788266
-109827004
-109732529
-109730163
-109836332
-110032660
-110207352
-110314399
-110336518
-110230966
-110225371
-110506288
-110504862
-110602841
-110791623
-110770589
-110902457
-110724754
-110649880
-110707743
-110599882
-110581459
-110591654
-110651630
-110630765
-110689765
-110510986
-111002274
-111405890
-111391386
-111731112
-111711711
-111763853
-111765687
-111668005
-111635332
-111660778
-111719514
-111586671
-111605622
-111564158
-111584062
-111659057
-111633305
-111628031
-111773030
-111770581
-111772681
-111658531
-111625482
-111644682
-111631486
-111785298
-111799586
-111797748
-111926082
-112087298
-112001062
-112116844
-112107602
-112192327
-112183470
-112267530
-112255250
-112368237
-112410621
-112557111
-112727382
-112635227
-112686458
-112603696
-112872549
-112920268
-112887247
-113306562
-113294757
-113475886
-113545912
-113511349
-113620224
-113721390
-113764211
-113948941
-114091866
-114150209
-114142180
-114501252
-114624643
-114664241
-114660545
-114483662
-114444544
-114369439
-114368480
-114335395
-114351059
-114340526
-114420297
-114401963
-114475705
-114454179
-114403178
-114673959
-114814761
-114741765
-114669817
-114637969
-114582525
-114590636
-114559730
-114545669
-114339012
-114608553
-114587906
-114493025
-114465075
-114689979
-114733194
-114732791
-114811186
-114761889
-114759168
-114997693
-114877925
-115107138
-115099650
-115081658
-115214692
-115469573
-115471700
-115177480
-115168250
-115177614
-115209883
-115231649
-115234850
-115225618
-115264156
-115377156
-115430181
-115420554
-115354383
-115388768
-115402631
-115354511
-115406021
-115115152
-115509719
-115385837
-115435027
-115371532
-115249410
-115395129
-115463162
-115460053
-115363518
-115386872
-115294008
-115278089
-115426009
-115485853
-115476755
-115409461
-115890195
-115910722
-115807663
-115832958
-115944759
-115921408
-116105605
-116250344
-116259741
-116232604
-116314587
-116445062
-116451821
-116513956
-116455874
-116469436
-116324163
-116355281
-116236001
-116336157
-116357875
-116652948
-116711988
-116575868
-116552445
-116534877
-116569521
-116600746
-116626362
-116520322
-116524019
-116529273
-116418536
-116438202
-116414640
-116449168
-116513809
-116584887
-116603083
-116569967
-116577682
-116561843
-116519056
-116651737
-116658872
-116658878
-116632551
-116611583
-116616651
-116572308
-117021509
-117051242
-117018780
-117054796
-117191530
-117184540
-117215843
-116957229
-117024901
-116952123
-116989114
-117046557
-116917097
-116924766
-117161546
-117172468
-117249510
-117204667
-117211847
-117192160
-117173318
-117293600
-117323544
-117420666
-117458294
-117464780
-117454233
-117505248
-117499028
-117451690
-117620120
-117624485
-117605722
-117639237
-117632940
-117683612
-117678043
-117671204
-117621206
-117590754
-117655267
-117323457
-117365617
-117421285
-117225764
-117231997
-117163162
-117341367
-117416122
-117614176
-117594372
-117470646
-117408141
-117429399
-117425836
-117391136
-117136871
-117248231
-117469109
-117480320
-117563909
-117654010
-117712645
-117903637
-117906418
-117954160
-118171661
-118595810
-118619245
-118478196
-118556291
-118577110
-118585851
-118572339
-118585600
-118577923
-118638728
-118631226
-118653376
-118669425
-118562980
-118596522
-118611577
-118615214
-118686613
-118713159
-118754014
-118751644
-118784903
-118779239
-118815564
-118827744
-119226277
-119266141
-119139139
-119171567
-119136020
-119100651
-119143073
-119145009
-119128929
-119148306
-119138747
-119149930
-119131967
-119153811
-119127598
-119333703
-119364098
-119346598
-119535642
-119471382
-119439907
-119304206
-119117183
-119087501
-119251622
-119310565
-119177860
-118977640
-119020387
-119004528
-119034114
-119012266
-118903879
-118888020
-118891028
-118856811
-118887480
-118776362
-118798092
-118840803
-118766528
-119272150
-118943441
-118917070
-118995151
-119007393
-118879749
-118753067
-118874593
-118853170
-118889902
-118837882
-118846234
-118849122
-118874680
-118803199
-118785094
-118793004
-118735037
-118790582
-118780995
-118703408
-118809643
-118753498
-118674881
-118696654
-118517707
-118781902
-118801246
-118809071
-118711660
-118661755
-118902406
-119451796
-119408267
-119363452
-119411707
-119446557
-119456706
-119452187
-119634023
-119726610
-119826470
-119814585
-119836310
-119895182
-119709642
-119814292
-119870741
-119834968
-119883508
-119876144
-119882845
-119827506
-119830948
-119815050
-120002594
-120186543
-120190295
-120234875
-120223243
-120362773
-120255729
-120278437
-119931328
-119983530
-119826123
-119894931
-119963756
-119952987
-120000121
-119939989
-119996343
-120071520
-120068383
-120112805
-120086455
-119994980
-119847988
-119723109
-119891461
-120088613
-120144023
-120089670
-120106137
-120121318
-120382908
-120479832
-120613501
-120688933
-120707152
-120736785
-120780469
-120761218
-120836956
-120899078
-120875420
-120844146
-120851731
-120815029
-120849478
-120909269
-120914605
-120920895
-120788885
-120913531
-120991136
-121025885
-121054087
-121001684
-120999612
-120874365
-120898963
-120888039
-120893407
-120921511
-121035125
-121102618
-121085216
-121099154
-121072160
-121081587
-121080066
-121202015
-121292040
-121309057
-121207060
-121268721
-121468833
-121429610
-121452509
-121908844
-121908422
-121913881
-122031644
-122089134
-122004181
-122057884
-122341791
-122301368
-122215419
-122197594
-122311861
-122343609
-122426900
-122465595
-122483054
-122471381
-122497308
-122467267
-122449154
-122580563
-122365209
-122361149
-122332279
-122540171
-122662788
-122666624
-122755138
-122742372
-122722835
-122715322
-122721022
-122714528
-122659460
-122942405
-122943116
-123088299
-123077155
-123135638
-123060389
-123047425
-123288188
-123568894
-123520710
-123439449
-123554932
-123546352
-123520700
-123554817
-123603681
-123582156
-123604228
-123687346
-123671646
-123671722
-123666232
-123730721
-123619891
-123729659
-123873239
-123878731
-123884089
-123813426
-123825235
-123787745
-123667772
-123664999
-123723769
-123675542
-123859266
-123875496
-123732828
-123720926
-123929455
-124142836
-124153042
-124150292
-124317638
-124380952
-124333081
-124409747
-124425493
-124482130
-124530351
-124703884
-124699001
-124659409
-124730798
-124728044
-124718336
-124778809
-124787349
-124798536
-124827569
-124880228
-124865835
-124954387
-124845614
-124843639
-124798865
-124928878
-124910164
-125110463
-125074584
-124875540
-124757990
-124717777
-124741390
-124442674
-124709241
-125026137
-125304120
-125699948
-125700045
-125849546
-125876258
-125886574
-126461813
-126409564
-126383694
-126336783
-126556290
-126551864
-126464989
-126618458
-126543484
-126583037
-126762212
-126794600
-126793752
-126786828
-126800209
-126768637
-126747789
-126989661
-127055689
-126842159
-126691727
-126678784
-126680042
-126610215
-126644657
-126929962
-126979893
-126935491
-127113606
-126902256
-126800401
-126732213
-126644098
-126728754
-126631933
-126612386
-126581973
-126658129
-126751837
-126649242
-126612303
-126591898
-126513841
-126531710
-126945199
-127181780
-127218759
-127050426
-127499273
-127284691
-127424777
-127456822
-127391805
-127453339
-127354711
-127442472
-127286957
-127217883
-127254193
-127630398
-127609169
-127717250
-127623504
-127620642
-127618076
-127626724
-127681177
-127695335
-128220454
-128463848
-128438611
-128363435
-128482061
-128448582
-128467651
-128465248
-128465691
-128692061
-128626113
-128636045
-128753528
-128759754
-128957010
-129091267
-129130243
-129094817
-129114348
-129298220
-129108866
-129122386
-129281056
-129225957
-129327270
-129356040
-129297439
-129681391
-129682762
-129707034
-130023277
-130088747
-130067806
-130088330
-130139274
-130132814
-130189036
-130092337
-130116734
-130175896
-130199389
-130151761
-130168537
-130149431
-130123318
-130191081
-130324134
-130301942
-130261282
-130317458
-130405039
-130548975
-130552888
-130565467
-130609080
-130724358
-130615597
-130739885
-130739398
-130748720
-130900486
-130888284
-130821013
-130637914
-130633628
-130577272
-130649318
-130591111
-130595044
-130566196
-130560021
-130551670
-130589409
-130498266
-130551307
-130439330
-130585610
-130483328
-130449694
-130392232
-130445978
-130502211
-130498488
-130582179
-130916271
-130938466
-130920005
-130902358
-130901581
-130856654
-130877962
-130864681
-130980955
-130893857
-131025511
-131132892
-131021085
-131008992
-131312343
-131325784
-131254530
-131258876
-131236641
-131430078
-131527919
-131540220
-131632091
-131522941
-131527838
-131521727
-131647972
-131756079
-131975230
-131977804
-131982396
-132094798
-132038322
-131998285
-132000997
-132019175
-132044113
-132046375
-131936221
-131813310
-131738042
-131749166
-131758366
-131799656
-131832881
-131999799
-132006817
-132297357
-132319243
-132331156
-132400418
-132469484
-132674815
-132683472
-132790052
-132775086
-133099534
-133086011
-133466577
-133470302
-133471504
-133492665
-133511277
-133475888
-133507570
-133723061
-133707430
-133652517
-133815061
-133839690
-133581967
-133586786
-133595094
-133504569
-133654630
-133808529
-133844829
-133901792
-133997530
-134117090
-134201660
-134143842
-134082352
-133995275
-133905009
-134025868
-133999321
-134001357
-134138314
-134099044
-134036414
-134394987
-134251884
-134324301
-134324976
-134242811
-134224919
-134568565
-134533112
-134491132
-134407749
-134465814
-134500687
-134500998
-134503995
-134464740
-134554558
-134737546
-134729113
-134857959
-134840500
-134797609
-134801201
-134918723
-135010105
-135114827
-135179503
-135207406
-135182540
-135510961
-135529592
-135534232
-135593590
-135676020
-135656066
-135507675
-135732838
-136032110
-135985152
-136042285
-136065984
-136340286
-136194638
-135972669
-135968014
-135969013
-135882669
-136072000
-136012935
-135987723
-136009517
-136273845
-136501054
-136544162
-136541049
-136544036
-136534747
-136509758
-136498466
-136487478
-136367730
-136192661
-136141569
-136514544
-136536361
-136433233
-136638922
-136557324
-136520745
-136555015
-136548467
-136550563
-136539725
-136537540
-136710660
-136760475
-136773143
-136856399
-136849675
-136902638
-137013976
-137009388
-136909448
-136802577
-136820717
-136750805
-136769874
-136925670
-136859444
-136858695
-136865751
-136857121
-137249870
-137673743
-138021801
-138149904
-138286187
-138222991
-138280812
-138327325
-138350397
-138306481
-138251586
-138316982
-138361828
-138444989
-138498628
-138505123
-138486809
-138462511
-138402075
-138454026
-138684870
-138891522
-138877037
-138886282
-138965859
-139002220
-139010905
-138963183
-139237105
-139386901
-139373237
-139373530
-139349108
-139247962
-139422762
-139365655
-139467969
-139441209
-139674920
-139895030
-140019570
-140178468
-140247198
-140486610
-140499024
-140766616
-140777836
-141093504
-141155201
-141067235
-141067436
-141120857
-141253702
-141270999
-141281041
-141267487
-141230687
-141229826
-141209619
-141201737
-141208440
-141214158
-140988803
-140977296
-141201091
-141212999
-141345719
-141342619
-141581257
-141551794
-141679282
-141724616
-141716213
-141758296
-141854614
-141896880
-141893647
-141897938
-142099561
-142119260
-141957485
-142038015
-142089764
-142136932
-142098200
-142102312
-142051639
-142211523
-142211528
-142227603
-142254505
-142288648
-142290428
-142209723
-142386714
-142351675
-142482083
-142440581
-142479885
-142666053
-142719173
-142870631
-142875406
-142962919
-142915881
-143147977
-143330197
-143332701
-143259116
-143395613
-143309693
-143362808
-143377289
-143466141
-143535469
-143344650
-143378279
-143656212
-143621563
-143599553
-143490591
-143562441
-143750368
-143700007
-143328360
-143347476
-143257280
-143312068
-143336878
-143427990
-143444106
-143446717
-143668264
-143641801
-143633737
-143632976
-143572533
-143512062
-143628440
-143616974
-143688304
-143701974
-143721673
-143971636
-144140348
-144116620
-143887201
-143898297
-143969765
-143980668
-144075223
-144061031
-144158940
-144147006
-144176858
-144295878
-144323266
-144343397
-144405205
-144610969
-144608669
-144585283
-144645521
-144717555
-144550456
-144602469
-144776791
-144850077
-145009836
-145067175
-145178353
-145235641
-145020989
-145114081
-145210777
-145194715
-145265812
-145427703
-145418184
-145459983
-145467897
-145465232
-145319944
-145321080
-145502118
-145522086
-145535187
-145687925
-145574467
-145561349
-145606347
-145584952
-146045853
-145992512
-146132695
-146212626
-146083677
-146039592
-146131738
-146099645
-146095989
-146021693
-145924170
-146162320
-146165297
-146167506
-146414844
-146486928
-146614440
-146409863
-146642591
-146688526
-146698300
-146713024
-146697962
-146689845
-146728728
-146753160
-146753575
-146820292
-146976301
-146991660
-147022007
-147013465
-147072724
-146961285
-146928828
-147122435
-147131431
-147504682
-147500595
-147286322
-147316577
-147350651
-147589374
-147844730
-147887266
-147869178
-147880549
-147906065
-147882028
-147880390
-147763700
-148192115
-148452787
-148373113
-148458767
-148422154
-148443259
-148596908
-148598540
-148771180
-148757562
-148703382
-148655535
-148747599
-148930453
-148942300
-149249116
-149212925
-149502320
-149537069
-149552157
-149556810
-149596676
-149730840
-149649469
-149584480
-149471928
-149501678
-149487107
-149406906
-149752632
-149955706
-149937908
-149923532
-150158701
-150230043
-150219527
-150404132
-150507027
-150548484
-150582893
-150508265
-150489447
-150514103
-150623051
-150920643
-150990902
-151160733
-151174146
-151208142
-151163664
-151440887
-151358747
-151303104
-151259972
-151096399
-151230268
-151236257
-151228229
-151201579
-151357228
-151430343
-151492214
-151465129
-151477351
-151415334
-151406216
-151483191
-151616290
-151767057
-151807346
-151713288
-152104622
-152062372
-151909318
-152175307
-152193733
-152204974
-152160073
-152153818
-152025455
-151920514
-151864323
-151861897
-152097054
-152165547
-152090183
-152080560
-152094869
-151967814
-151811683
-151845129
-151804165
-151563989
-151678469
-151678287
-151670510
-151801296
-151905482
-152039705
-152221204
-152263008
-152261833
-152231637
-152322928
-152433831
-152451880
-152840351
-152967529
-153482594
-153562110
-153555668
-153563839
-153681428
-153750836
-154108824
-154126563
-153975841
