-13813
-95303
-93994
-72352
28213
-110205
-301702
-845192
-707338
-872782
-879500
-897828
-878843
-821406
-689957
-726190
-517337
-516625
-525791
-570509
-667555
-520090
-684230
-687697
-674150
-903407
-900782
-929526
-951437
-1205120
-1228765
-1177086
-1165370
-1103879
-1103744
-991914
-974486
-968654
-972875
-992602
-992259
-1036999
-1199746
-1112113
-1096218
-1447965
-1400137
-1568198
-1713708
-1737635
-1841412
-1882348
-1938244
-1944564
-2073768
-2030701
-2192892
-2251491
-2394282
-2337859
-2331731
-2395501
-2415282
-2322064
-2335561
-2377417
-2300820
-2148645
-2013962
-2047808
-2006660
-2046880
-2050411
-2070113
-1985955
-1810647
-1769940
-1666128
-2010366
-1985191
-1986704
-1984760
-1890124
-1878773
-1834703
-2125864
-2108769
-2139238
-2125852
-2163291
-2168309
-2125477
-2139035
-2150835
-2438110
-2600008
-2534482
-2528047
-2561784
-2488926
-2605042
-2589803
-2790686
-2817851
-2936740
-2918372
-2883522
-3068116
-3028428
-3149753
-3192984
-3143969
-3193507
-3207503
-3025454
-3052974
-3131565
-3131759
-3157118
-3118806
-3606085
-3600410
-3594343
-3557309
-3579277
-3558808
-3867317
-4222182
-4499930
-4561228
-4684217
-4549118
-4545788
-4525321
-4380381
-4451554
-4411410
-4647303
-4598509
-4628675
-4625279
-4637549
-4623411
-4632460
-4632760
-4699805
-4746066
-4797473
-4823128
-4744970
-4718820
-4748418
-4679203
-4784508
-4853673
-4968579
-4970027
-5005921
-4912161
-4931761
-4966704
-4946878
-4984726
-4992773
-5193094
-5252535
-5251267
-5147819
-5122818
-5161109
-5178837
-5147291
-5345609
-5356200
-5399507
-5789548
-6150451
-6387127
-6419943
-6420529
-6532858
-6802566
-6796836
-7171352
-7219541
-7226755
-7165608
-7187229
-7353891
-7517868
-7593080
-7612280
-7462889
-7517952
-7682046
-7772997
-7831716
-7811026
-7710912
-7706751
-7810002
-7824921
-7785006
-7835408
-8037946
-8545039
-8638650
-9011467
-9005978
-8952511
-8796130
-8938126
-8827701
-8842268
-8837827
-8884236
-9013016
-8964451
-8938663
-8960021
-8939845
-8793813
-8801289
-8833205
-8972306
-9044268
-9055852
-9115279
-9376955
-9400292
-9473343
-9391330
-9522012
-9495246
-9318105
-9405883
-9293052
-9512391
-9605999
-9597604
-9806844
-9860945
-9852157
-9842800
-9796027
-9833628
-9679818
-9710265
-9613604
-9762739
-9695545
-9654321
-9671299
-9726522
-10021486
-10013502
-10081252
-10033613
-10307314
-10418371
-10172854
-10094629
-10496986
-10477967
-10746856
-10898872
-10866262
-10962684
-10935526
-10924471
-10923651
-10931622
-11134621
-10944328
-11069530
-11068167
-11033312
-11041798
-11051999
-11057489
-11064995
-11016353
-10973304
-10951803
-11097029
-11191809
-11188655
-11183722
-11217198
-11394766
-11273672
-11330402
-11369967
-11350200
-11336724
-11525904
-11491929
-11381926
-11404489
-11376559
-11379631
-11382586
-11572029
-11583332
-11658222
-11380762
-11456882
-11441421
-11465194
-11624162
-11619150
-11803459
-11867716
-11801863
-11640316
-11633988
-11574501
-11835714
-11819351
-11848346
-11848101
-11908003
-11898457
-12062369
-11980789
-12026833
-12031019
-12066958
-12052727
-11964818
-11864408
-11836131
-11810652
-11906908
-11744301
-11952564
-12107389
-12267482
-12244741
-12260158
-12239382
-12167844
-12089941
-12075087
-12223154
-12252180
-12246226
-12242840
-12210619
-12179391
-12174627
-12133276
-12224956
-11962269
-12022347
-11984536
-12187237
-12227166
-12294790
-12539983
-12518811
-12356163
-12254580
-12453336
-12520172
-12531270
-12809966
-12712479
-12614587
-12610000
-12856317
-12839806
-13001241
-12892858
-13193811
-13306010
-13289582
-13225702
-13229032
-13297307
-13270372
-13234720
-13230808
-13777178
-14434869
-14432763
-14453227
-14506434
-14516457
-14549293
-14447074
-14476183
-14475686
-14419815
-14418832
-14467338
-14464725
-14477778
-14511103
-14486114
-14469397
-14529478
-14514170
-14576692
-14555873
-14314780
-14272790
-14549799
-14543002
-14600080
-14782793
-14885311
-14889591
-15041373
-15253096
-15261112
-15393700
-15440517
-15460270
-15485489
-15485250
-15329796
-15289565
-15319424
-15379046
-15354376
-15427866
-15433405
-15447319
-15430220
-15515283
-15485070
-15471578
-15462191
-15503105
-15654413
-15612839
-15608255
-15845842
-16243568
-16203636
-16110586
-16211437
-16218176
-16229693
-16039687
-15982260
-16038584
-16092366
-16035596
-16044025
-16053790
-16059549
-16207966
-16179303
-15825624
-15796692
-15766373
-15780319
-15904257
-15779959
-15833843
-16190363
-16131942
-16143925
-16409350
-16385378
-16734665
-16781467
-16804835
-16680888
-16748583
-16757804
-16776115
-16969055
-16953055
-16921228
-16916957
-16843703
-16768802
-16728415
-17201320
-17167086
-17156077
-17120520
-17121638
-17196250
-17118615
-17038320
-17016744
-17346858
-17420638
-17194425
-17387278
-17420932
-17393046
-17379713
-17364086
-17484089
-17426912
-17397686
-17377676
-17335798
-17460135
-17498572
-17469059
-17548622
-17552063
-17216479
-17091313
-17301638
-17312562
-17330929
-17158930
-17180394
-17179479
-17500548
-17638420
-17557878
-17531503
-17419758
-17596628
-17280302
-17293046
-17424010
-17440362
-17403714
-17466857
-17307600
-17657767
-17640460
-17602833
-17679628
-17715455
-17725668
-17752284
-17692005
-17693950
-17524067
-17526819
-17512315
-17499899
-17546489
-17526387
-18002478
-18169663
-18126037
-18185728
-18133417
-18142257
-18187498
-18215379
-18220715
-18180489
-18220973
-18459532
-18428744
-18292254
-18289226
-18335050
-18282925
-18199879
-18177008
-18264413
-18217790
-18271787
-17785619
-17853411
-17843187
-17714143
-17582176
-17570226
-17587008
-17692384
-17566574
-17587883
-17671474
-17710779
-17701416
-17707861
-17990994
-18111947
-18112346
-18173519
-18172281
-18133647
-18198590
-18138877
-18167174
-18228021
-18036992
-18010859
-17811243
-17822745
-17766499
-17905825
-17866955
-17843289
-17847890
-17775762
-17805634
-17875166
-17904482
-18080522
-18460786
-18356581
-18306682
-18331904
-18579416
-18355546
-18582240
-18814584
-18696477
-18650482
-18658067
-18913795
-18623611
-18795585
-18715369
-18683676
-19043459
-19160260
-19134284
-19210682
-19126944
-19341789
-19323810
-19257653
-19313860
-19287133
-19293874
-19258412
-18996754
-19036918
-19040248
-19045309
-19002409
-19032779
-19056878
-19295749
-19176217
-19266463
-19309027
-19029600
-19273959
-18936051
-18985193
-19010027
-19201340
-19192326
-19246574
-19216530
-19011464
-19051218
-19152985
-19326071
-19342149
-19357384
-19479070
-19393486
-19413742
-19407053
-19533793
-19167762
-19177309
-19228816
-19359975
-19561810
-19541101
-19536106
-19470065
-19521408
-19490289
-19475720
-19463969
-19524527
-19402374
-19392968
-19453208
-19406757
-19315649
-19556400
-19528799
-19410034
-19351062
-19676181
-19440098
-19355072
-19228540
-19293447
-19331404
-19265698
-19255114
-19398663
-19430955
-19400733
-19589834
-19643417
-19689882
-19623470
-19660061
-19671196
-19717976
-19716370
-19760211
-19892834
-19930389
-20006747
-19959589
-19932981
-19894915
-19896722
-20240793
-20289539
-20228943
-19993899
-20054973
-20246940
-20263826
-20310608
-20245349
-20185882
-20369584
-20346115
-20679538
-20717030
-20694015
-20725180
-20733993
-20694618
-20682013
-20738905
-20716991
-20752545
-20760019
-20893939
-20894927
-20927685
-21215973
-21177350
-21173483
-21228845
-21206743
-21210076
-21229653
-21451497
-21472649
-21457654
-21434947
-21435933
-21328515
-21374198
-21320138
-21314935
-21622821
-21679784
-21713260
-21726293
-21746651
-21798273
-21706356
-21765299
-21705079
-21684475
-21858372
-21901632
-22019828
-21825501
-21634304
-21472781
-21477594
-21434909
-21449703
-21510382
-21741195
-21777457
-21774373
-21795773
-21915777
-21832101
-21802746
-21916321
-21891781
-21920421
-21927450
-21958263
-21961357
-22012394
-21977563
-21950823
-21920228
-21930766
-22014794
-21971904
-22154864
-22328914
-22327304
-22379293
-22389627
-22324377
-22308053
-22262489
-22116635
-22270276
-22250354
-22416312
-22493832
-22506514
-22523729
-22428937
-22403191
-22733194
-22780385
-22840243
-22782490
-22529210
-22516324
-22467761
-22628368
-22512634
-22401683
-22348964
-22379006
-22289155
-22294188
-22333846
-22295737
-22076078
-22108181
-22121969
-22477022
-22438884
-22710325
-22663069
-22636193
-22661909
-22715190
-22605695
-22609086
-22908857
-23078863
-23179031
-23215677
-23259571
-23218535
-23219367
-23013166
-23014014
-23159330
-23141412
-23171879
-23092038
-23026699
-23090136
-23097867
-23087829
-23148046
-23249754
-23161761
-23177972
-23144053
-23161350
-23424864
-23457229
-23403902
-23373829
-23409121
-23404947
-23402822
-23392254
-23591467
-23644491
-23782394
-23808190
-23816131
-23851710
-23768638
-23814177
-24119833
-24095746
-24115039
-24132232
-24131050
-24105291
-24096771
-24070427
-24428786
-24429955
-24450095
-24579183
-24605868
-24468896
-24490109
-24614012
-24664660
-24700827
-24679158
-24833579
-24854625
-24867676
-24721842
-24643427
-24656650
-24542598
-24541320
-24600956
-24600495
-24469287
-24442843
-24449848
-24586874
-24427631
-24500866
-24507518
-24497589
-24807552
-24919813
-25018658
-25010690
-24978128
-24989361
-24977186
-25159421
-25144633
-24916606
-24893410
-24910982
-24935078
-25005120
-25601594
-25682635
-25729498
-26122767
-26124262
-25963145
-25936546
-25984203
-26112051
-26125325
-26107458
-26105347
-26093725
-26436531
-26437183
-26424695
-26391606
-26539839
-26628500
-26604086
-26616116
-26427635
-26695088
-26698069
-26680319
-26808406
-26761331
-26693495
-26732745
-26701032
-26706241
-26769925
-26785078
-26839242
-27048632
-26958041
-26972785
-26988124
-27027181
-27122654
-27092506
-27151578
-27506616
-27506826
-27607556
-27446762
-27448736
-27565818
-27619756
-27642720
-27405302
-27477027
-27476813
-27479975
-27392010
-27364475
-27368989
-27352112
-27398960
-27289240
-27348414
-27548120
-27526752
-27525784
-27541867
-27718150
-27901434
-28011054
-28028433
-28046569
-28045750
-28120232
-28162058
-28143857
-28168259
-28181762
-28156456
-28158511
-28135579
-28113125
-28144495
-28050422
-28180883
-28219066
-28220050
-28406700
-28537998
-28522183
-28540440
-28530556
-28563312
-28605469
-28607519
-28631025
-28532553
-28570348
-28625819
-28691847
-28761857
-28777710
-29140032
-29152316
-29135945
-29185949
-29202076
-29193668
-29306799
-29112762
-29123297
-29274413
-29371362
-29510832
-29478908
-29540388
-29524733
-29533100
-29810416
-29787845
-29829263
-29955108
-30286404
-30372726
-30346584
-30208826
-30117306
-30431813
-30407767
-30272646
-30052526
-30254170
-30265668
-30273604
-30264529
-30306928
-30247213
-30272111
-30288627
-30604430
-30657845
-30450343
-30457005
-30481253
-30599296
-30590274
-30540945
-30546339
-30515605
-30518948
-30566935
-30575127
-30571694
-30779976
-30774675
-30761078
-30727169
-30716524
-30778631
-30852123
-30944404
-30771423
-30771639
-30919775
-30974474
-31147085
-31154328
-31214940
-31215424
-31464665
-31420571
-31468519
-31448875
-31391937
-31680199
-31625798
-31617237
-31922682
-31723801
-31666806
-31729319
-32187251
-32237463
-32247505
-32302817
-32304723
-32373343
-32189288
-32251854
-32414989
-32731113
-32583969
-32469582
-32467395
-32465414
-32335709
-32180781
-32532783
-32375610
-32471788
-32463019
-32408706
-32429918
-32329236
-32373584
-32379133
-32444818
-32633604
-32835540
-32862668
-32890196
-33267335
-33215170
-33290115
-33193010
-33451187
-33469009
-33429901
-33464619
-33472296
-33512010
-33690585
-33686874
-33660870
-33630448
-33635795
-33627345
-33544835
-33714017
-33731809
-33738212
-33659147
-33952193
-34105596
-34092213
-33859976
-33890235
-33879451
-34007322
-34230709
-34398618
-34362265
-34369018
-34373728
-34402901
-34409286
-34220175
-34293022
-34498606
-34450019
-34469301
-34421533
-34239518
-34470205
-34490312
-34517858
-34571596
-34662225
-35052341
-35052725
-35050244
-35178876
-35175877
-35173960
-35167634
-35151300
-35093487
-35213116
-35214126
-35196342
-35222920
-35306347
-35293641
-35600495
-35586105
-35538310
-35524404
-35515267
-35825707
-36197329
-36269599
-36266875
-36615090
-36671163
-36692346
-36652491
-36631182
-36487614
-36497757
-36091864
-36083065
-36358775
-36331262
-36524303
-36520789
-36598553
-36731833
-36664513
-36670204
-36778624
-36684450
-36679255
-36875502
-36833333
-37134487
-37240336
-37247679
-37450946
-37408126
-37421830
-37919966
-37899039
-37908574
-38023600
-37920338
-38202169
-38018416
-37953725
-37986914
-37953652
-37959193
-37931908
-37924931
-38370304
-38447398
-38556897
-38598106
-38484911
-38487749
-38490733
-38724087
-38497488
-38320023
-38383334
-38356334
-38240863
-38236041
-38218186
-38238308
-38413762
-38397818
-38476512
-38520018
-38532208
-38611278
-38584382
-38635726
-38619557
-38602416
-38798055
-39109868
-39043258
-39040765
-39039677
-39039079
-38997520
-38939986
-38937938
-38950376
-38921183
-38927783
-39303606
-39335729
-39335470
-39374142
-39410862
-39408965
-39388891
-39475789
-39488865
-39462514
-39473538
-39506927
-39502060
-39803950
-39722369
-39731373
-39724698
-39643449
-39809559
-39836503
-40145917
-40173846
-40117168
-40168584
-40351495
-40376664
-40658974
-40524577
-40669232
-41227983
-41226530
-41271511
-41200951
-41152987
-41454302
-41456446
-41600483
-41612078
-41503692
-41561406
-41438583
-41452848
-41578090
-41415695
-41286692
-41385429
-41326957
-41331026
-41322105
-41254801
-41257268
-41318862
-41327811
-41357171
-41513103
-41538802
-41520691
-41566735
-41489908
-41465109
-41522045
-41364746
-41382811
-41362369
-41363960
-41401280
-41639511
-41793168
-41731100
-41895959
-41893698
-42049523
-42036146
-42073664
-42025769
-41933351
-41988543
-41979559
-42001987
-41931371
-42058295
-41866455
-41861128
-41909168
-41964647
-42264966
-42490787
-42552950
-42617001
-42639836
-42628085
-42591056
-42942450
-43029993
-42953392
-42983347
-42984112
-43119711
-43160012
-43153322
-43161822
-43122698
-43110649
-43103522
-43157632
-43163943
-43099962
-43097810
-43218510
-43233600
-43420796
-43496226
-43745216
-43646325
-43659512
-43680423
-43685403
-43720458
-43715407
-43687649
-43685066
-43681356
-43663569
-43762895
-43679400
-43706042
-43668612
-43659698
-43748270
-43860679
-43836950
-43800748
-43864257
-43875125
-43918738
-43894900
-43864702
-43854634
-43844132
-43740145
-43485763
-43924694
-43855675
-43997465
-44065971
-44365703
-44339812
-44264137
-44299212
-44308139
-44319149
-44450760
-44315941
-44305133
-44213456
-44049072
-44204358
-44277823
-44203224
-44419905
-44435302
-44296206
-44468880
-44414726
-44442039
-44424268
-44430164
-44476281
-44515577
-44599694
-44473882
-44296387
-44366092
-44345375
-44366428
-44565103
-44604888
-44633714
-44604051
-44390388
-44377389
-44296427
-44188991
-44201294
-44198250
-44218154
-44230197
-44411215
-44532354
-44505439
-44515725
-44685637
-44686012
-44673224
-44672133
-44550577
-44529698
-44469215
-44370401
-44384498
-44397291
-44415407
-44389435
-44295900
-44211927
-44136061
-44137723
-44300394
-44163619
-44180972
-44162799
-44202272
-44219851
-44275034
-44540105
-44502539
-44488753
-44495742
-44536461
-44545207
-44576976
-44565674
-44606846
-44610129
-44595862
-44565271
-44465779
-44440196
-44505598
-44489781
-44393844
-44385513
-44414896
-44520005
-44621323
-44671354
-44689901
-44820418
-44706528
-44830193
-44828053
-44933544
-44870244
-44881835
-44891197
-45151009
-45151228
-45322556
-45278091
-45331030
-45461961
-45634735
-45709134
-45703131
-45672303
-45778384
-45755011
-45920092
-45960800
-46098988
-46111246
-46057123
-46069653
-46062603
-46094463
-46162761
-46216824
-46167161
-46462974
-46506500
-46462512
-46484568
-46549233
-46563817
-46538138
-46587080
-46576422
-46776009
-46673033
-46695768
-46665965
-46660044
-46847106
-46904914
-46923738
-47175719
-47157997
-47062609
-47246934
-47214237
-47329536
-47099759
-47104114
-47087008
-47107860
-47082077
-47065481
-47261251
-47261426
-47358081
-47536673
-47563842
-47576655
-47560375
-47573860
-47673407
-47669839
-47662792
-47664238
-47647755
-47729688
-47728345
-47791849
-47783162
-48051765
-48079775
-48104162
-48312406
-48320504
-48368045
-48437888
-48413537
-48377001
-48715085
-48596223
-48492769
-48315281
-48324218
-48327370
-48377952
-48705027
-48643082
-48439323
-48446203
-48481350
-48448988
-48428530
-48315284
-48548721
-48534507
-48809777
-48801651
-48845286
-48857404
-48913738
-48914577
-48911539
-48878874
-48745300
-48742903
-48669615
-48750574
-48591766
-48589467
-48587806
-48606401
-48478315
-48527842
-48517453
-48615812
-48918910
-48856711
-48875795
-48892062
-48904498
-48810037
-48838195
-48738648
-48816020
-48959143
-49226405
-49189444
-49344286
-49441388
-49449871
-49470254
-49497688
-49704226
-49675656
-49618218
-49624472
-49624568
-49650556
-49807767
-50158949
-50161142
-50142732
-50633709
-50833197
-50789140
-50805743
-50912446
-51090125
-51118485
-51179488
-51090426
-51100026
-51084253
-51134025
-51055363
-51099145
-51036052
-51162748
-51161452
-50957630
-51224221
-51217547
-51174251
-51161092
-51162376
-51259558
-51185779
-51376545
-51217574
-51284196
-51292297
-51297221
-51537071
-51461280
-51462717
-51297622
-51349955
-51357321
-51461783
-51530392
-51521552
-51519664
-51564153
-51567661
-51501278
-51526975
-51611464
-51716608
-51763828
-51525477
-51492916
-51671449
-51593116
-51622743
-51704616
-51647817
-51868372
-51808615
-51791036
-51789094
-51772266
-51955265
-51964039
-51964440
-52000931
-52351164
-52311596
-52223503
-52211631
-52456431
-52467861
-52485248
-52790701
-52976274
-52969735
-52950705
-53328129
-53347428
-53207971
-53147829
-53120377
-53252329
-53199277
-53214307
-53079396
-53048244
-52966016
-53088276
-53324703
-53189679
-53104011
-53155799
-52986096
-52917406
-53021263
-53297460
-53439813
-53431098
-53421670
-53460972
-53574245
-53517575
-53944645
-53890691
-53838281
-54159075
-54170514
-54166610
-54030118
-54039872
-54005395
-53955532
-53925406
-53919556
-53982056
-53902408
-53952194
-53947615
-53965499
-53884225
-53606044
-53552176
-53533436
-53541140
-53626369
-53573328
-53456260
-53458715
-53534322
-53521690
-53549309
-53584987
-53683371
-53708608
-53689083
-53682126
-53679689
-53722383
-53677043
-53693927
-53712963
-53793008
-53530116
-53517254
-53577166
-53657993
-53643180
-53671848
-53612551
-53631402
-53750684
-53753811
-53784101
-53686256
-53685301
-53609077
-53615725
-53755228
-53755910
-53751929
-53820506
-53823600
-53702705
-53760693
-53766444
-53749547
-53786241
-53798469
-53703390
-53693397
-53631902
-53656456
-53503938
-53351832
-53346284
-53357498
-53470170
-53481917
-53485346
-53501032
-53501702
-53513116
-53637804
-53763235
-53780452
-53931956
-54222167
-54273555
-54436097
-54402945
-54368573
-54332231
-54384324
-54726616
-54709293
-54699749
-54628099
-54498783
-54340096
-54353866
-54486133
-54551332
-54637208
-54657287
-54867540
-54873333
-54953668
-54963096
-54974604
-55188244
-55163613
-55136446
-55099459
-55103365
-55155679
-55266739
-55260627
-55319808
-55293715
-55289846
-55263037
-55244212
-55178343
-55225317
-55375859
-55387841
-55294467
-55261463
-55266714
-55450448
-55428430
-55420571
-55350521
-55416498
-55436393
-55477291
-55227764
-55249263
-55167130
-55187306
-55217067
-55240591
-55170917
-55150295
-55114781
-55232230
-55400451
-55404718
-55402535
-55494812
-55446449
-55305575
-55302225
-55342451
-55316122
-55309084
-55435633
-55599306
-55577881
-55611743
-55713606
-55751146
-55767980
-55673311
-55745046
-55537196
-55838508
-55806922
-55685363
-55719288
-55725211
-55833488
-55877815
-56040198
-56235298
-56288344
-56281254
-56127773
-56110681
-56337049
-56377209
-56397313
-56541282
-56480783
-56521844
-56477737
-56470966
-56426190
-56702239
-56703863
-56718187
-56897919
-56949773
-57050156
-57008387
-57115607
-57021371
-57018826
-57024288
-57044983
-57100797
-57062028
-57029982
-57022422
-56900550
-56963524
-56964034
-56871856
-56862678
-56887168
-56801152
-56764387
-56921567
-56896282
-57013261
-57035273
-56955739
-56877531
-56975002
-56988414
-56889251
-56893474
-56995057
-57124006
-57290560
-57236938
-57280385
-57347337
-57351107
-57352772
-57388689
-57419883
-57407585
-57219925
-57135889
-57162844
-57339983
-57371573
-57371400
-57350321
-57554601
-57578295
-57578465
-57663592
-57676340
-57849584
-57660415
-57698602
-57681963
-57924371
-58061457
-58243660
-58231413
-58494993
-58521114
-58619742
-58638231
-58662646
-58517619
-58768010
-58736275
-58924651
-58861175
-58869876
-58900393
-58895033
-58900552
-58938205
-58947741
-58962152
-58991886
-59017662
-58927507
-58936131
-58809424
-58786014
-58997541
-58799766
-59048588
-59201202
-59138831
-59081123
-59084436
-59201961
-59244546
-59123691
-59111652
-59169255
-59326564
-59342270
-59536917
-59550471
-59479935
-59572561
-59536473
-59452539
-59559759
-59643253
-59707474
-59671267
-59700810
-59768823
-59787028
-59795441
-60010528
-60062866
-60061783
-60039029
-59928520
-59965720
-60024412
-60479896
-60515251
-60424505
-60196163
-60181634
-60189102
-60294674
-60298950
-60283450
-60203079
-60151279
-60245251
-60242213
-60255140
-59990300
-60098606
-60162197
-60186828
-60164983
-60265756
-60363833
-60362970
-60431165
-60434824
-60486035
-60440350
-60626488
-60559467
-60493092
-60310817
-60339702
-60510652
-60408319
-60441372
-60452819
-60506022
-60494223
-60337713
-60344928
-60282598
-60453330
-60466914
-60387892
-59984410
-60379890
-60394597
-60333764
-60623850
-60675038
-60686452
-60617878
-60801759
-60921740
-60946962
-60826826
-60837210
-60755445
-60743364
-61089402
-61096799
-61129126
-61274314
-61276468
-61250993
-61458335
-61513218
-61513782
-61523118
-61551687
-61522217
-61415724
-61399379
-61363302
-61600663
-61583700
-61649525
-61613614
-61756072
-61705582
-61670657
-61692369
-61690776
-61798943
-61814110
-61782631
-61724473
-61723187
-62012020
-62000993
-62194426
-62218479
-62340987
-62317546
-62445702
-62486058
-62765763
-62715927
-62648785
-62659422
-62660127
-62705579
-62692384
-63247219
-63277885
-63223882
-63220312
-63229707
-63125274
-63083394
-63097080
-63254019
-63408947
-63518279
-63596047
-63691257
-63643416
-63523017
-63491836
-63676346
-63846384
-63934874
-63946241
-64062194
-64084948
-64167951
-64227983
-64499758
-64463729
-64454739
-64362579
-64375218
-64359339
-64478588
-64509508
-64624154
-64563892
-64521596
-64438254
-64426498
-64442687
-64466934
-64565343
-64543396
-64708066
-64600471
-64658418
-64651699
-64835350
-65097254
-65072895
-65070285
-64952921
-64787026
-64716349
-64681100
-64671300
-64692511
-64718395
-64816966
-64861455
-64573982
-64570716
-64441566
-64461107
-64648212
-64686324
-64760335
-64770874
-64765806
-64864188
-64840135
-64958892
-64961147
-64976732
-64948179
-64860538
-64842365
-65019740
-64982468
-65049053
-65081722
-65018265
-65028860
-65027694
-65180510
-65154507
-65302953
-65469789
-65409723
-65472406
-65477507
-65477402
-65473157
-65469530
-65460504
-65726920
-65763302
-65666045
-65582835
-65585422
-65570556
-65618943
-65695014
-65614937
-65600850
-65594730
-65723081
-65759473
-65660432
-65673947
-65640764
-65753563
-65804077
-66003061
-66020232
-66074365
-66067924
-65985295
-65869215
-65546815
-65521755
-65525949
-65498529
-65709140
-66136427
-66107617
-66400695
-66558408
-66658691
-66640022
-66701701
-66732085
-66773980
-66816705
-66801206
-66905660
-66920834
-66943227
-66917015
-66912985
-67115320
-67084698
-67049057
-67049557
-67066268
-67077924
-66847746
-66757624
-66697351
-66756323
-66680760
-66818145
-67002580
-67027295
-67041587
-67202629
-67231586
-67438195
-67364449
-67068106
-67105466
-67069436
-67038583
-67155114
-67292832
-67057818
-67133661
-67371579
-67321628
-67524404
-67684760
-67612171
-67597453
-67538069
-67459827
-67451174
-67339449
-67370557
-67329990
-67332034
-67378140
-67765955
-67749139
-67697354
-67899690
-67970880
-67954570
-67918217
-67936594
-68004299
-68014301
-68051134
-68052675
-67936397
-67965745
-67997576
-68006700
-68177960
-68243080
-68282179
-68381255
-68369556
-68351570
-68186598
-68076889
-68072808
-68043280
-68203043
-68226426
-68192431
-68485850
-68482704
-68426634
-68515091
-68517752
-68521720
-68465948
-68440021
-68459854
-68360104
-68414240
-68412904
-68383003
-68278953
-68377922
-68755356
-68742783
-68780815
-68383331
-68608187
-68394694
-68239043
-68293326
-68278962
-68392294
-68378478
-68376303
-68465914
-68418565
-68808115
-69199324
-69197108
-69496740
-69535552
-69761915
-69761027
-69809831
-69753537
-69789794
-69684961
-69717158
-69755691
-69870468
-69778336
-69647498
-69698592
-69682148
-69717494
-69684139
-69731110
-69742761
-69704672
-69849018
-69812880
-69820430
-69835572
-70016460
-70364801
-70222435
-70655459
-70472636
-70502591
-70643177
-70685354
-70690875
-70680233
-71059291
-71245492
-71287625
-71314320
-71404210
-71599087
-71579439
-71587967
-71575995
-71423246
-71438037
-71449602
-71447805
-71459787
-71554432
-71772512
-71823864
-71871628
-71769364
-71721308
-71735870
-71957588
-71840739
-71795698
-71938257
-72090648
-72135089
-72444424
-72461045
-72725396
-72704707
-72665795
-72898266
-72772175
-72716151
-72732932
-72771996
-72863191
-72835690
-72799469
-72797360
-72779067
-72922125
-72900938
-73065228
-73056713
-73146813
-73181798
-73164945
-73284960
-73177669
-73054588
-73099060
-73159063
-73135352
-73053545
-73063074
-73127180
-73508980
-73534699
-73555107
-73866269
-73836584
-73836173
-73581092
-73644491
-73711562
-73670132
-73872701
-73897824
-73908064
-74429405
-74435718
-74276296
-74293574
-74263179
-74259880
-74499773
-74525440
-74540977
-74661531
-74701620
-74935330
-74959329
-74892205
-75192565
-75339031
-75446714
-75463013
-75650947
-75894175
-75892348
-75716473
-75654665
-75593274
-75566942
-75493522
-75474394
-75604673
-75571711
-75619875
-75611546
-75794314
-75917487
-75891856
-75927212
-75834013
-75856377
-75622948
-75627097
-75711419
-75727730
-75731234
-75427957
-75502731
-75674917
-75734033
-76146944
-76038176
-76035165
-76385295
-76755670
-76744662
-76728000
-76851137
-76862891
-76743964
-76627117
-76545063
-76562281
-76659654
-76785102
-76789064
-76751087
-76809269
-76761547
-76789584
-76732518
-76718023
-76780124
-76886585
-76987023
-77122665
-77220843
-77272796
-77379978
-77329183
-77319250
-77303954
-77294481
-77376302
-77301409
-77201474
-77592992
-77560224
-77720574
-77625243
-77804000
-77819672
-77946521
-78177650
-78155073
-77897678
-77898813
-78081963
-78108395
-78420514
-78469613
-78450818
-78424633
-78439002
-78391649
-78580226
-78582628
-78649523
-78637949
-78687453
-78785819
-79107602
-79193014
-79435201
-79369401
-79542862
-79438178
-79466825
-79530409
-79575385
-79584137
-79618539
-80127966
-80046159
-79997814
-80048988
-80074854
-80100499
-80151187
-80164960
-80119017
-80072597
-79978760
-79995935
-80075363
-80085915
-80066576
-80096891
-80033019
-80025300
-80078744
-80101365
-80183653
-80258385
-80342286
-80338070
-80413758
-80449158
-80479727
-80390341
-80336075
-80249475
-80218382
-80503077
-80399701
-80361519
-80344339
-80261320
-80241745
-80240862
-80310195
-80787470
-80778809
-80773887
-80855686
-80851779
-80832855
-81032373
-80964752
-80957214
-80958122
-80947840
-80925187
-80899342
-81040050
-81036454
-81293894
-81289933
-81354265
-81951108
-81966231
-81735782
-81690515
-81701498
-81815844
-81810947
-81844811
-81951189
-81906647
-81919304
-82075416
-82080809
-82178858
-82471719
-82471710
-82270180
-82332857
-82375163
-82355665
-82412573
-82477822
-82478294
-82379786
-82386816
-82389721
-82469466
-82469372
-82425392
-82267398
-82306579
-82197317
-82320889
-82317400
-82320931
-82178722
-82422372
-82350601
-82340655
-82330327
-82375465
-82350398
-82350703
-82344603
-82543030
-82640319
-82633646
-82605451
-82762570
-82905891
-83119467
-83164199
-83086133
-83516125
-83540187
-83652899
-83636303
-83712141
-83664870
-83760644
-83765674
-83827731
-83956615
-83986690
-83991826
-84009278
-84020145
-84046515
-84033946
-84007011
-83932494
-83817325
-83857346
-84135143
-84125999
-84143036
-84100467
-84082106
-84389201
-84620301
-84582179
-84581461
-84899052
-84875121
-84767259
-84810939
-84770461
-84745041
-84821441
-84911074
-84864408
-84985881
-85019288
-85105256
-85084029
-85040915
-85484040
-85564215
-85648927
-85728834
-85783482
-85803883
-85797991
-85771705
-85741978
-85765108
-85754571
-85774941
-85838749
-86178186
-86148992
-86143109
-86210346
-86194743
-86655455
-86652752
-86669609
-86814607
-86863474
-86844362
-86785642
-86881995
-87141758
-87130013
-87296629
-87305280
-87304129
-87640287
-87521649
-87716710
-87646911
-87371776
-87396462
-87408563
-87389248
-87350847
-87499557
-87436768
-87487717
-87536597
-87557550
-87654927
-87693078
-87705115
-87709772
-87532060
-87401145
-87441868
-87709449
-87724287
-87964643
-87960393
-88002884
-88018979
-88000099
-87847629
-87837704
-87717858
-87714030
-87712704
-87766578
-87768075
-87769927
-87785096
-87855482
-87954736
-87660243
-87591557
-87610005
-87544872
-87541565
-87770389
-87733068
-87859394
-87948849
-88047860
-88124678
-88083595
-88026895
-88038216
-87972112
-88007626
-88127029
-88151442
-88238036
-88257581
-88257214
-88263732
-88220857
-88287006
-88236092
-88275729
-88249169
-88252472
-88387826
-88415181
-88448437
-88444503
-88641095
-88709941
-88792577
-88768197
-88760314
-88804785
-89187105
-89227637
-89353959
-89339660
-89276477
-89455801
-89541601
-89680341
-89753902
-89772889
-89784892
-89896200
-90030599
-89912419
-89988365
-89835531
-89751552
-89989344
-89979832
-90035100
-90113077
-90146294
-90149012
-90131161
-90093494
-89853826
-89886107
-90173391
-90148249
-90278809
-90307660
-90464491
-90435314
-90115276
-89945002
-89928203
-89859480
-90041978
-90199684
-90290283
-90193855
-90241307
-90255459
-90359967
-90432798
-90447984
-90395206
-90608815
-90602148
-90634406
-90565033
-90399358
-90375677
-90260683
-89872567
-89964594
-89969303
-89921709
-89830283
-89861842
-89869803
-89903134
-90014264
-89952943
-89955455
-90155611
-90011175
-90068782
-90269040
-90289665
-90402061
-90353202
-90357488
-90507293
-90475871
-90612746
-90585791
-90624602
-90926967
-90945354
-90972641
-90897446
-91126186
-91120216
-91166592
-91198976
-91203779
-91152629
-91366952
-91544690
-91582405
-91752239
-91640839
-91739690
-91668360
-91668082
-91703432
-91671877
-91781503
-91867417
-91993118
-91993420
-92059045
-92147266
-92192385
-92314978
-92249644
-92342496
-92369518
-92399887
-92420586
-92445824
-92611807
-92598792
-92686892
-93005046
-93416146
-93435276
-93421755
-93467054
-93499032
-93529423
-93620284
-93501582
-93580071
-93587465
-93627497
-93678091
-93615752
-93572900
-93476494
-93449222
-93387028
-93352963
-93048988
-92984240
-93057871
-93289501
-93293851
-93368330
-93436533
-93375472
-93258759
-93263940
-93301408
-93524986
-93507783
-93471001
-93521582
-93591931
-93644998
-93651491
-93557177
-93559949
-93542568
-93552222
-93563090
-93552406
-93839578
-94073385
-94389969
-94557674
-94554485
-94499439
-94450416
-94507641
-94323019
-94334173
-94305911
-94281613
-94258577
-94249260
-94230991
-94324871
-94280239
-94097361
-94119521
-94220433
-94132296
-94250011
-94176397
-94171763
-94210809
-94456334
-94479238
-94804040
-94726970
-94737848
-94775587
-94783578
-94847708
-94721924
-94898507
-94980353
-95109572
-95121260
-95039565
-95062787
-94963155
-95117868
-95119901
-95108983
-95034355
-95046299
-95011086
-94986316
-94968521
-94965640
-94908418
-95149434
-95175455
-95163869
-95153407
-95082504
-95035514
-95040192
-95044395
-95042598
-95044287
-95225261
-95212911
-95136144
-95131759
-95029182
-95024633
-94945597
-94787834
-94692779
-94635402
-94458327
-94453188
-94453959
-94623647
-94509307
-94412976
-94339842
-94267295
-94363257
-94343013
-94245512
-94261699
-94269318
-94405239
-94484719
-94777073
-94783747
-94843111
-94790625
-94827777
-94827971
-94840970
-94778871
-94870813
-94960736
-94952580
-94977596
-95146461
-95190162
-95052516
-95031265
-95028390
-95202411
-95194694
-95361164
-95333417
-95318031
-95366576
-95314375
-95219869
-95214909
-95327698
-95735955
-95706013
-95700177
-95712173
-95841549
-96010681
-96302845
-96505436
-96917795
-96951562
-97183876
-97181938
-97295089
-97336505
-97364669
-97486808
-97651211
-97659801
-97818549
-97882896
-98086891
-98039107
-97963097
-97992243
-98077097
-97980384
-97951153
-98166171
-98068471
-98045498
-98041885
-97947935
-97983965
-97975179
-98016461
-98033266
-97904897
-97813124
-97764242
-97914708
-97888449
-97970096
-98183155
-98187911
-98195914
-98428044
-98690227
-98685154
-98719276
-98732257
-99086057
-99179844
-99227844
-99226752
-99216932
-99189216
-99394062
-99464006
-99476920
-99463272
-99660204
-100128182
-100148133
-100251708
-100199068
-100233035
-100222510
-100229725
-100305602
-100574954
-100548095
-100371063
-100431281
-100585630
-100582290
-100650004
-100218185
-100269866
-100422138
-100415054
-100502371
-100705846
-100715363
-100706742
-100710507
-100831826
-100916047
-101139260
-101142020
-101201301
-101198656
-101358781
-101122606
-101078906
-101265610
-101821037
-101778400
-101858063
-101819464
-101737839
-101674172
-101666330
-101699948
-101728422
-101700293
-101817119
-101861112
-101902141
-101968978
-101871359
-101970326
-101928842
-101928683
-101888956
-101894738
-101798094
-101800388
-101848737
-101786775
-101694417
-101622768
-101787660
-101506426
-101468920
-101544891
-101520017
-101525604
-101521293
-101467107
-101486507
-101512938
-101469875
-101473213
-101597172
-101714578
-101767793
-101794085
-101894452
-101904361
-101867257
-101843242
-101964680
-101998472
-102023080
-101863598
-101834888
-101817430
-101571309
-101522938
-101512583
-101501867
-101540091
-102020733
-102174779
-102246979
-102626634
-102915362
-102921340
-102971467
-102982382
-103068955
-103060641
-103020338
-102994694
-102954157
-102867671
-102563891
-102561566
-102508929
-102492041
-102491037
-102500229
-102702192
-102807364
-102900397
-102926015
-102897954
-102809620
-102769824
-102695414
-102614921
-102468568
-102488626
-102377546
-102412570
-102546830
-102554382
-102576640
-102541436
-102583906
-102361067
-102635628
-102437636
-102404019
-102425309
-102415027
-102379171
-102404450
-102590801
-102975928
-102876910
-103034943
-103102348
-103109591
-103105093
-102993188
-103094802
-103127393
-103308530
-103229927
-103400360
-103393794
-103554795
-103608532
-103495495
-103500658
-103610937
-103805586
-103943082
-104029114
-104032668
-103896170
-103899060
-104179142
-104180752
-104268688
-104485220
-104449119
-104608175
-104436521
-104363825
-104425453
-104339123
-104292796
-104316336
-104385114
-104354197
-104454996
-104256461
-104713193
-105119127
-105093392
-105436718
-105415544
-105464193
-105473580
-105361186
-105348780
-105367298
-105429475
-105306199
-105340177
-105287383
-105313746
-105382446
-105334559
-105342442
-105466436
-105462819
-105431907
-105322524
-105284052
-105306646
-105298034
-105453786
-105475416
-105440423
-105613969
-105746237
-105663088
-105823239
-105816894
-105914388
-105914781
-106007568
-105996013
-106090873
-106153160
-106281601
-106407920
-106321484
-106384420
-106310614
-106582443
-106642716
-106630739
-107075835
-107064889
-107218454
-107289915
-107256613
-107375342
-107467063
-107509452
-107686855
-107827965
-107896741
-107777052
-108122297
-108234661
-108255859
-108255612
-108064448
-107749731
-107678944
-107686357
-107652610
-107667730
-107642728
-107723479
-107701138
-107733594
-107723856
-107673222
-107951170
-108087551
-108020185
-107947156
-107920326
-107943790
-107945476
-107898552
-107888333
-107685836
-107985451
-108012790
-107956684
-107917547
-108142614
-108187578
-108190886
-108223706
-108169555
-108166101
-108398505
-108289511
-108534371
-108518848
-108519104
-108673491
-108919750
-108920581
-108658895
-108654350
-108663160
-108713158
-108733805
-108738125
-108731269
-108778787
-108859800
-108956887
-108937202
-108899228
-108950931
-108993056
-108920184
-109004764
-108673820
-109013210
-108882510
-108942808
-108880371
-108760877
-108890177
-108960571
-108973344
-108909352
-108922519
-108823422
-108789530
-108877134
-108947086
-108937731
-108883873
-109365990
-109367110
-109263618
-109282144
-109354353
-109159396
-109343332
-109507747
-109519514
-109476254
-109563812
-109645701
-109657904
-109681265
-109603822
-109618807
-109467305
-109500447
-109370099
-109463581
-109490864
-109772584
-109800725
-109618454
-109598912
-109585444
-109619746
-109639905
-109657278
-109569300
-109582630
-109590754
-109501020
-109515158
-109489804
-109546693
-109654603
-109694828
-109697608
-109660241
-109664004
-109664300
-109597865
-109725163
-109735586
-109735322
-109715792
-109700080
-109697527
-109664407
-110107555
-110138042
-110072971
-110039191
-110095913
-110089458
-110107938
-109812602
-109883814
-109833685
-109872123
-109923843
-109809600
-109821183
-110041762
-110058781
-110145770
-110082623
-110096671
-110077179
-110013568
-110130589
-110107943
-110206271
-110217755
-110494057
-110478127
-110537468
-110519598
-110440797
-110589657
-110591395
-110552887
-110652240
-110694960
-110718264
-110710015
-110708599
-110654142
-110618656
-110721606
-110379326
-110377814
-110444011
-110262221
-110277681
-110213846
-110413792
-110488332
-110716408
-110740319
-110583936
-110489657
-110498213
-110498302
-110461763
-110203555
-110320088
-110618081
-110612447
-110716636
-110784134
-110786626
-110977267
-110987994
-111047753
-111243512
-111652420
-111670522
-111553941
-111658635
-111683103
-111693236
-111683659
-111705839
-111680120
-111745064
-111746264
-111751478
-111769842
-111619805
-111651797
-111648665
-111652710
-111739617
-111765590
-111814057
-111811756
-111840703
-111846330
-111887353
-111896832
-112267003
-112292160
-112160755
-112204884
-112177825
-112178393
-112209829
-112213089
-112192891
-112199887
-112170689
-112150383
-112130222
-112154425
-112129491
-112386824
-112423760
-112405788
-112613778
-112558047
-112512640
-112426952
-112211595
-112137415
-112325599
-112363951
-112251588
-112091831
-112152835
-112096971
-112147225
-112148145
-112025712
-111978257
-111951347
-111920552
-111922650
-111801894
-111825247
-111891490
-111823383
-112327127
-111986689
-111971630
-112069841
-112083669
-111935844
-111811558
-111936443
-111909691
-111942058
-111883962
-111903447
-111911457
-111932962
-111860605
-111841703
-111853185
-111832146
-111871070
-111865710
-111805689
-111934149
-111861583
-111780996
-111815451
-111706387
-111988519
-112010402
-111997535
-111895953
-111838394
-112088486
-112630367
-112573506
-112516511
-112560430
-112597392
-112606345
-112604447
-112750334
-112830712
-112943914
-112930788
-112940874
-112967197
-112755408
-112807517
-112886076
-112846684
-112894651
-112921756
-112925940
-112854012
-112863283
-112841865
-113021348
-113221904
-113238455
-113283001
-113279347
-113410559
-113308218
-113345741
-113013377
-113035766
-112890399
-112962438
-113029565
-113015723
-113048987
-113014939
-113045980
-113129873
-113124544
-113170256
-113079916
-112986000
-112904124
-112785863
-112924211
-113080547
-113131950
-113078784
-113091967
-113112541
-113380633
-113477273
-113572371
-113678048
-113699806
-113729665
-113780095
-113765551
-113861555
-113939150
-113923975
-113905509
-113907475
-113870658
-113908609
-113987442
-114006408
-113850368
-113745199
-113854433
-113908926
-113936853
-113987856
-113930733
-113916276
-113784529
-113814508
-113950548
-113950269
-113986074
-114085618
-114165954
-114148403
-114152397
-114167231
-114453339
-114453793
-114619320
-114690955
-114708936
-114678843
-114741295
-114964527
-114937343
-114935393
-115358324
-115356872
-115363509
-115475326
-115464576
-115350508
-115417264
-115678449
-115640053
-115545731
-115519431
-115589163
-115616717
-115695330
-115735554
-115736289
-115722381
-115750637
-115762069
-115722867
-115827256
-115642199
-115630980
-115596993
-115833680
-115958169
-115965694
-116047904
-116000841
-115999700
-115995939
-116003105
-115984219
-115924950
-116195395
-116196917
-116338727
-116488798
-116545807
-116463278
-116462880
-116697722
-116977710
-116954653
-116883426
-116988290
-117004347
-116997917
-117059937
-117111860
-117105084
-117121785
-117181078
-117179605
-117180749
-117210142
-117269805
-117141718
-117238743
-117360664
-117363532
-117365379
-117299982
-117309103
-117279135
-117168175
-117158281
-117199647
-117138207
-117316587
-117337684
-117216583
-117186685
-117369757
-117540239
-117512867
-117515889
-117701348
-117767747
-117801465
-117874593
-117897202
-117951891
-117998184
-118227376
-118062989
-118037300
-118123012
-118116894
-118127292
-118188489
-118229207
-118235835
-118261256
-118373444
-118410839
-118536909
-118433044
-118420827
-118379678
-118499552
-118508094
-118725652
-118698450
-118484533
-118375118
-118327229
-118361955
-118162164
-118375994
-118714869
-119032458
-119448887
-119248367
-119362979
-119413844
-119400650
-119971689
-119933100
-119934581
-119897971
-120096431
-120094394
-119981694
-120153618
-120075715
-120112790
-120262026
-120302813
-120361184
-120351005
-120351652
-120318289
-120291481
-120501477
-120564521
-120328129
-120171133
-120170445
-120136988
-120126836
-120138548
-120451920
-120525739
-120520701
-120633902
-120434526
-120343437
-120299735
-120193630
-120243141
-120143814
-120139096
-120107291
-120121395
-120255714
-120144423
-120116095
-120092404
-120044136
-120064247
-120445698
-120694628
-120738315
-120586342
-121094000
-120888038
-121032422
-121053335
-121008070
-121069873
-120987580
-121063904
-120913612
-120831030
-120839269
-121127971
-121126743
-121261155
-121138777
-121139034
-121137491
-121150916
-121157528
-121181983
-121642739
-121914053
-121882230
-121805564
-121924321
-121869098
-121887598
-121885996
-121878654
-122049150
-122011965
-122013193
-122148338
-122153582
-122310544
-122476835
-122489155
-122451246
-122431283
-122656832
-122479683
-122489318
-122692072
-122674367
-122744836
-122788063
-122764094
-123161424
-123156297
-123151224
-123471045
-123536673
-123547126
-123569885
-123637684
-123636064
-123697388
-123611438
-123638869
-123683040
-123707487
-123656176
-123699302
-123687868
-123657499
-123712693
-123835983
-123811067
-123807170
-123885369
-123940896
-124071312
-124085986
-124103250
-124158806
-124272766
-124173775
-124320351
-124341064
-124351781
-124501361
-124481909
-124389146
-124161223
-124166011
-124128592
-124157808
-124112547
-124135253
-124105857
-124101943
-124151735
-124194934
-124102228
-124181449
-124082439
-124232615
-124138602
-124125105
-124048381
-124066976
-123950743
-123948254
-124050877
-124389957
-124392548
-124370883
-124463865
-124466895
-124413870
-124444085
-124439611
-124579133
-124414295
-124540132
-124636840
-124505481
-124501061
-124813671
-124830383
-124764095
-124759446
-124747817
-124890266
-124963509
-124999876
-125100614
-125001352
-124999003
-124989259
-125091225
-125195177
-125389862
-125390148
-125405105
-125499872
-125467550
-125426310
-125431604
-125442372
-125471232
-125471106
-125356274
-125265130
-125256414
-125260902
-125259841
-125299342
-125324542
-125462503
-125466674
-125766879
-125785824
-125792619
-125853596
-125917950
-126092100
-126100248
-126233667
-126227799
-126627794
-126605853
-127008959
-127010971
-127042308
-127062440
-127080968
-127049011
-126906818
-127093344
-127114361
-127071498
-127222348
-127249891
-127021925
-127024863
-127054157
-126958458
-127135895
-127296417
-127336929
-127384685
-127485460
-127592738
-127668955
-127599898
-127544668
-127452734
-127357979
-127487855
-127465603
-127471859
-127593569
-127596018
-127528155
-127849904
-127718323
-127784723
-127781640
-127739665
-127725254
-128084048
-128051320
-128004789
-127926744
-127989701
-128018014
-128024271
-128004224
-127963328
-128001242
-128133585
-128138010
-128269878
-128267537
-128197965
-128205812
-128314914
-128375062
-128498795
-128555663
-128586038
-128563815
-128862789
-128881268
-128858946
-128927473
-129000585
-128978185
-128789142
-129022951
-129294583
-129245742
-129268981
-129286951
-129628002
-129537596
-129301028
-129299661
-129296925
-129217319
-129454501
-129363615
-129339441
-129364366
-129635246
-129876935
-129946003
-129940006
-129944037
-129944071
-129921434
-129909309
-129882704
-129790645
-129639489
-129615240
-129945199
-129960302
-129865567
-130050461
-129940157
-129896977
-129924889
-129924200
-129932642
-129915713
-129932024
-130117899
-130192023
-130165680
-130241526
-130234770
-130288621
-130384146
-130383855
-130301915
-130181266
-130212765
-130122627
-130140371
-130305582
-130224514
-130239270
-130249504
-130233759
-130637611
-131073494
-131451670
-131570564
-131759105
-131695590
-131713172
-131747184
-131737405
-131710243
-131685955
-131738897
-131773879
-131842015
-131845736
-131858671
-131846166
-131820675
-131799915
-131848237
-132068215
-132270848
-132277842
-132286157
-132335081
-132347291
-132351648
-132293974
-132553051
-132702912
-132654465
-132639750
-132620016
-132521058
-132665901
-132633781
-132675873
-132659354
-132868913
-133062438
-133176432
-133346938
-133429446
-133664424
-133684497
-133968330
-133979884
-134279672
-134363219
-134234629
-134234203
-134343882
-134446797
-134430472
-134406234
-134386830
-134350725
-134344797
-134294136
-134411359
-134407043
-134397138
-134168714
-134167516
-134395426
-134409369
-134547006
-134547177
-134797300
-134759121
-134906339
-134928485
-134917380
-134968577
-135070213
-135120967
-135103129
-135107127
-135273295
-135293067
-135072078
-135149264
-135204676
-135260639
-135247461
-135267764
-135235408
-135415359
-135432241
-135421215
-135451679
-135476547
-135508250
-135419680
-135622746
-135570267
-135695933
-135644289
-135665225
-135824206
-135886559
-136009434
-136019601
-136094187
-136046259
-136271676
-136476822
-136449344
-136387755
-136541877
-136479991
-136534534
-136546516
-136642728
-136728535
-136554545
-136605194
-136887234
-136841117
-136822082
-136696831
-136756380
-137032198
-136979369
-136606642
-136583093
-136514109
-136571784
-136599466
-136687139
-136690838
-136685513
-136889606
-136859014
-136857968
-136871334
-136838906
-136769740
-136919171
-136914186
-136981465
-137012178
-137033410
-137298273
-137472341
-137462646
-137233898
-137237972
-137299900
-137297163
-137393128
-137393650
-137510350
-137613736
-137648244
-137764305
-137791071
-137810848
-137831619
-138047288
-138048526
-138024807
-138093156
-138155163
-138036393
-138087680
-138280795
-138352072
-138500734
-138552233
-138672737
-138735224
-138527568
-138621371
-138716133
-138753733
-138807241
-138987475
-138978984
-139065359
-138854027
-138847637
-138709490
-138721949
-138897613
-138916842
-138919349
-139066610
-138924142
-138923145
-138997832
-138987879
-139446057
-139432437
-139555565
-139635691
-139518656
-139483961
-139587168
-139534358
-139532622
-139414697
-139319252
-139573819
-139572581
-139552860
-139810511
-139824996
-139938929
-139722840
-139935747
-139981705
-139969402
-139976329
-139963820
-139915677
-139938769
-139997531
-139998131
-140049990
-140192924
-140197981
-140174753
-140396081
-140490520
-140373940
-140327617
-140527758
-140533724
-140910475
-140922024
-140695533
-140697778
-140744056
-140959488
-141208283
-141241372
-141097330
-141102042
-141208408
-141155525
-141177368
-141073315
-141246515
-141496958
-141430563
-141545903
-141486540
-141531531
-141685203
-141653668
-141790630
-141747565
-141709863
-141664746
-141730502
-141896388
-141908715
-142207281
-142173611
-142461584
-142482972
-142505830
-142534273
-142572126
-142735311
-142636697
-142566182
-142389572
-142461516
-142437777
-142354258
-142685580
-142867831
-142850194
-142853367
-143092884
-143170021
-143148240
-143382018
-143453391
-143498038
-143528554
-143428914
-143424389
-143417339
-143550032
-143837588
-143859352
-144035914
-144050305
-144137780
-144105632
-144330990
-144236993
-144172010
-144131889
-143963548
-144154139
-144153286
-144150569
-144145233
-144301079
-144382214
-144491597
-144451759
-144405323
-144344853
-144340374
-144399914
-144529874
-144677556
-144724354
-144642850
-145001479
-144948454
-144808289
-145074249
-145094100
-145089651
-145046250
-145037124
-144997153
-144916122
-144857038
-144851579
-145092220
-145106544
-145029921
-145048821
-145065035
-144913500
-144803500
-144841315
-144801726
-144566802
-144647818
-144645790
-144641844
-144773799
-144866900
-144967644
-145139884
-145203764
-145201965
-145158846
-145216700
-145286442
-145299514
-145647399
-145780611
-146293770
-146341283
-146340503
-146366268
-146493320
-146557819
-147008156
-147024600
-146855426
