solution_1.cpp:10:26: runtime error: index 2000 out of bounds for type 'int[2000][2000]'
SUMMARY: UndefinedBehaviorSanitizer: undefined-behavior solution_1.cpp:10:26 
UndefinedBehaviorSanitizer:DEADLYSIGNAL
==13852==ERROR: UndefinedBehaviorSanitizer: BUS on unknown address (pc 0x00018c1bff48 bp 0x00016f486520 sp 0x00016f486060 T339609)
==13852==The signal is caused by a WRITE memory access.
==13852==Hint: this fault was caused by a dereference of a high value address (see register values below).  Disassemble the provided pc to learn which register was used.
    #0 0x00018c1bff48 in __svfscanf_l+0x1534 (libsystem_c.dylib:arm64e+0xaf48)
    #1 0x00018c215b4c in scanf+0x5c (libsystem_c.dylib:arm64e+0x60b4c)
    #2 0x000100978928 in main solution_1.cpp:10
    #3 0x00018bf5c4e0 in start+0x1b4c (dyld:arm64e+0x204e0)

==13852==Register values:
 x[0] = 0x00000000000186a0   x[1] = 0x0000000000000000   x[2] = 0x000000000000000a   x[3] = 0x00000001f8d7a3d0  
 x[4] = 0x0000000063000000   x[5] = 0x0000000000000000   x[6] = 0x0000000000000000   x[7] = 0x0000000000000000  
 x[8] = 0x0000000000000000   x[9] = 0x000000016f486568  x[10] = 0x000000000000000a  x[11] = 0x0ccccccccccccccc  
x[12] = 0x0000000000000007  x[13] = 0x0000000000000001  x[14] = 0x000000000000009f  x[15] = 0x00000000ffffffd0  
x[16] = 0x000000018c1befc0  x[17] = 0x000000018c1bec10  x[18] = 0x0000000000000000  x[19] = 0x00000001f8d79818  
x[20] = 0x00000001f8d7a3d0  x[21] = 0x0000000000000000  x[22] = 0x0000000000000000  x[23] = 0x00000000000001fa  
x[24] = 0x000000000000000a  x[25] = 0x0000000100978e97  x[26] = 0x00000000000186a0  x[27] = 0x00000001018c4000  
x[28] = 0x0000000000000001     fp = 0x000000016f486520     lr = 0x000000018c1bf270     sp = 0x000000016f486060  
UndefinedBehaviorSanitizer can not provide additional info.
SUMMARY: UndefinedBehaviorSanitizer: BUS (libsystem_c.dylib:arm64e+0xaf48) in __svfscanf_l+0x1534
==13852==ABORTING
