=================================================================
==13764==ERROR: AddressSanitizer: global-buffer-overflow on address 0x00010320aae0 at pc 0x00010494dfe0 bp 0x00016db3e1a0 sp 0x00016db3d920
WRITE of size 4 at 0x00010320aae0 thread T0
    #0 0x00010494dfdc in scanf_common(void*, int, bool, char const*, char*)+0x7cc (libclang_rt.asan_osx_dynamic.dylib:arm64e+0x1dfdc)
    #1 0x00010494e490 in scanf+0x68 (libclang_rt.asan_osx_dynamic.dylib:arm64e+0x1e490)
    #2 0x0001022c0cb4 in main solution_2.cpp:11
    #3 0x00018bf5c4e0 in start+0x1b4c (dyld:arm64e+0x204e0)

0x00010320aae0 is located 0 bytes after global variable 'matrix' defined in 'solution_2.cpp' (0x0001022c86e0) of size 16000000
SUMMARY: AddressSanitizer: global-buffer-overflow solution_2.cpp:11 in main
Shadow bytes around the buggy address:
  0x00010320a800: 00 00 00 00 00 00 00 00 00 00 00 00 00 00 00 00
  0x00010320a880: 00 00 00 00 00 00 00 00 00 00 00 00 00 00 00 00
  0x00010320a900: 00 00 00 00 00 00 00 00 00 00 00 00 00 00 00 00
  0x00010320a980: 00 00 00 00 00 00 00 00 00 00 00 00 00 00 00 00
  0x00010320aa00: 00 00 00 00 00 00 00 00 00 00 00 00 00 00 00 00
=>0x00010320aa80: 00 00 00 00 00 00 00 00 00 00 00 00[f9]f9 f9 f9
  0x00010320ab00: f9 f9 f9 f9 f9 f9 f9 f9 f9 f9 f9 f9 f9 f9 f9 f9
  0x00010320ab80: f9 f9 f9 f9 f9 f9 f9 f9 f9 f9 f9 f9 f9 f9 f9 f9
  0x00010320ac00: f9 f9 f9 f9 f9 f9 f9 f9 f9 f9 f9 f9 f9 f9 f9 f9
  0x00010320ac80: f9 f9 f9 f9 f9 f9 f9 f9 f9 f9 f9 f9 f9 f9 f9 f9
  0x00010320ad00: f9 f9 f9 f9 f9 f9 f9 f9 f9 f9 f9 f9 f9 f9 f9 f9
Shadow byte legend (one shadow byte represents 8 application bytes):
  Addressable:           00
  Partially addressable: 01 02 03 04 05 06 07 
  Heap left redzone:       fa
  Freed heap region:       fd
  Stack left redzone:      f1
  Stack mid redzone:       f2
  Stack right redzone:     f3
  Stack after return:      f5
  Stack use after scope:   f8
  Global redzone:          f9
  Global init order:       f6
  Poisoned by user:        f7
  Container overflow:      fc
  Array cookie:            ac
  Intra object redzone:    bb
  ASan internal:           fe
  Left alloca redzone:     ca
  Right alloca redzone:    cb
==13764==ABORTING
